Component: Arm Compiler for Embedded 6.21 Tool: armlink [5ec1fa00]

==============================================================================

Section Cross References

    startup_stm32f072xb.o(STACK) refers (Special) to heapauxi.o(.text) for __use_two_region_memory
    startup_stm32f072xb.o(HEAP) refers (Special) to heapauxi.o(.text) for __use_two_region_memory
    startup_stm32f072xb.o(RESET) refers (Special) to heapauxi.o(.text) for __use_two_region_memory
    startup_stm32f072xb.o(RESET) refers to startup_stm32f072xb.o(STACK) for __initial_sp
    startup_stm32f072xb.o(RESET) refers to startup_stm32f072xb.o(.text) for Reset_Handler
    startup_stm32f072xb.o(RESET) refers to stm32f0xx_it.o(.text.NMI_Handler) for NMI_Handler
    startup_stm32f072xb.o(RESET) refers to stm32f0xx_it.o(.text.HardFault_Handler) for HardFault_Handler
    startup_stm32f072xb.o(RESET) refers to stm32f0xx_it.o(.text.SVC_Handler) for SVC_Handler
    startup_stm32f072xb.o(RESET) refers to stm32f0xx_it.o(.text.PendSV_Handler) for PendSV_Handler
    startup_stm32f072xb.o(RESET) refers to stm32f0xx_it.o(.text.SysTick_Handler) for SysTick_Handler
    startup_stm32f072xb.o(RESET) refers to main.o(.text.EXTI0_1_IRQHandler) for EXTI0_1_IRQHandler
    startup_stm32f072xb.o(RESET) refers to main.o(.text.EXTI4_15_IRQHandler) for EXTI4_15_IRQHandler
    startup_stm32f072xb.o(RESET) refers to main.o(.text.TIM2_IRQHandler) for TIM2_IRQHandler
    startup_stm32f072xb.o(.text) refers (Special) to heapauxi.o(.text) for __use_two_region_memory
    startup_stm32f072xb.o(.text) refers to system_stm32f0xx.o(.text.SystemInit) for SystemInit
    startup_stm32f072xb.o(.text) refers to __main.o(!!!main) for __main
    startup_stm32f072xb.o(.text) refers to startup_stm32f072xb.o(HEAP) for Heap_Mem
    startup_stm32f072xb.o(.text) refers to startup_stm32f072xb.o(STACK) for Stack_Mem
    main.o(.text.generateRandom) refers to llsdiv.o(.text) for __aeabi_ldivmod
    main.o(.text.generateRandom) refers to aeabi_sdivfast.o(.text) for __aeabi_uidivmod
    main.o(.text.generateRandom) refers to main.o(.data..L_MergedGlobals) for [Anonymous Symbol]
    main.o(.text.generateRandom) refers to main.o(.bss..L_MergedGlobals.6) for [Anonymous Symbol]
    main.o(.ARM.exidx.text.generateRandom) refers to main.o(.text.generateRandom) for [Anonymous Symbol]
    main.o(.text.ifHitPaddle) refers to ssd1309.o(.text.SSD1306_Fill) for SSD1306_Fill
    main.o(.text.ifHitPaddle) refers to ssd1309.o(.text.SSD1306_GotoXY) for SSD1306_GotoXY
    main.o(.text.ifHitPaddle) refers to ssd1309.o(.text.SSD1306_Puts) for SSD1306_Puts
    main.o(.text.ifHitPaddle) refers to main.o(.data..L_MergedGlobals) for [Anonymous Symbol]
    main.o(.text.ifHitPaddle) refers to main.o(.rodata.str1.1) for [Anonymous Symbol]
    main.o(.text.ifHitPaddle) refers to main.o(.bss..L_MergedGlobals.6) for [Anonymous Symbol]
    main.o(.ARM.exidx.text.ifHitPaddle) refers to main.o(.text.ifHitPaddle) for [Anonymous Symbol]
    main.o(.text.EXTI4_15_IRQHandler) refers to ssd1309.o(.text.SSD1306_DrawLine) for SSD1306_DrawLine
    main.o(.text.EXTI4_15_IRQHandler) refers to main.o(.data..L_MergedGlobals) for [Anonymous Symbol]
    main.o(.ARM.exidx.text.EXTI4_15_IRQHandler) refers to main.o(.text.EXTI4_15_IRQHandler) for [Anonymous Symbol]
    main.o(.text.EXTI0_1_IRQHandler) refers to ssd1309.o(.text.SSD1306_DrawLine) for SSD1306_DrawLine
    main.o(.text.EXTI0_1_IRQHandler) refers to main.o(.data..L_MergedGlobals) for [Anonymous Symbol]
    main.o(.ARM.exidx.text.EXTI0_1_IRQHandler) refers to main.o(.text.EXTI0_1_IRQHandler) for [Anonymous Symbol]
    main.o(.text.TIM2_IRQHandler) refers to ssd1309.o(.text.SSD1306_DrawCircle) for SSD1306_DrawCircle
    main.o(.text.TIM2_IRQHandler) refers to ssd1309.o(.text.SSD1306_DrawLine) for SSD1306_DrawLine
    main.o(.text.TIM2_IRQHandler) refers to llsdiv.o(.text) for __aeabi_ldivmod
    main.o(.text.TIM2_IRQHandler) refers to aeabi_sdivfast.o(.text) for __aeabi_uidivmod
    main.o(.text.TIM2_IRQHandler) refers to main.o(.text.ifHitPaddle) for ifHitPaddle
    main.o(.text.TIM2_IRQHandler) refers to ssd1309.o(.text.SSD1306_GotoXY) for SSD1306_GotoXY
    main.o(.text.TIM2_IRQHandler) refers to ssd1309.o(.text.SSD1306_Putc) for SSD1306_Putc
    main.o(.text.TIM2_IRQHandler) refers to main.o(.data..L_MergedGlobals) for [Anonymous Symbol]
    main.o(.text.TIM2_IRQHandler) refers to main.o(.bss..L_MergedGlobals.6) for [Anonymous Symbol]
    main.o(.ARM.exidx.text.TIM2_IRQHandler) refers to main.o(.text.TIM2_IRQHandler) for [Anonymous Symbol]
    main.o(.text.drawPaddle) refers to ssd1309.o(.text.SSD1306_DrawLine) for SSD1306_DrawLine
    main.o(.text.drawPaddle) refers to main.o(.data..L_MergedGlobals) for [Anonymous Symbol]
    main.o(.ARM.exidx.text.drawPaddle) refers to main.o(.text.drawPaddle) for [Anonymous Symbol]
    main.o(.text.main) refers to stm32f0xx_hal.o(.text.HAL_Init) for HAL_Init
    main.o(.text.main) refers to rt_memclr.o(.text) for __aeabi_memclr4
[...]
    Removing stm32f0xx_hal_i2c.o(.ARM.exidx.text.HAL_I2C_Master_Transmit), (8 bytes).
    Removing stm32f0xx_hal_i2c.o(.text.I2C_WaitOnFlagUntilTimeout), (222 bytes).
    Removing stm32f0xx_hal_i2c.o(.ARM.exidx.text.I2C_WaitOnFlagUntilTimeout), (8 bytes).
    Removing stm32f0xx_hal_i2c.o(.text.I2C_WaitOnTXISFlagUntilTimeout), (166 bytes).
    Removing stm32f0xx_hal_i2c.o(.ARM.exidx.text.I2C_WaitOnTXISFlagUntilTimeout), (8 bytes).
    Removing stm32f0xx_hal_i2c.o(.text.I2C_WaitOnSTOPFlagUntilTimeout), (134 bytes).
    Removing stm32f0xx_hal_i2c.o(.ARM.exidx.text.I2C_WaitOnSTOPFlagUntilTimeout), (8 bytes).
    Removing stm32f0xx_hal_i2c.o(.text.HAL_I2C_Master_Receive), (412 bytes).
    Removing stm32f0xx_hal_i2c.o(.ARM.exidx.text.HAL_I2C_Master_Receive), (8 bytes).
    Removing stm32f0xx_hal_i2c.o(.text.I2C_WaitOnRXNEFlagUntilTimeout), (212 bytes).
    Removing stm32f0xx_hal_i2c.o(.ARM.exidx.text.I2C_WaitOnRXNEFlagUntilTimeout), (8 bytes).
    Removing stm32f0xx_hal_i2c.o(.text.HAL_I2C_Slave_Transmit), (444 bytes).
    Removing stm32f0xx_hal_i2c.o(.ARM.exidx.text.HAL_I2C_Slave_Transmit), (8 bytes).
    Removing stm32f0xx_hal_i2c.o(.text.HAL_I2C_Slave_Receive), (370 bytes).
    Removing stm32f0xx_hal_i2c.o(.ARM.exidx.text.HAL_I2C_Slave_Receive), (8 bytes).
    Removing stm32f0xx_hal_i2c.o(.text.HAL_I2C_Master_Transmit_IT), (140 bytes).
    Removing stm32f0xx_hal_i2c.o(.ARM.exidx.text.HAL_I2C_Master_Transmit_IT), (8 bytes).
    Removing stm32f0xx_hal_i2c.o(.text.I2C_Master_ISR_IT), (392 bytes).
    Removing stm32f0xx_hal_i2c.o(.ARM.exidx.text.I2C_Master_ISR_IT), (8 bytes).
    Removing stm32f0xx_hal_i2c.o(.text.I2C_Enable_IRQ), (140 bytes).
    Removing stm32f0xx_hal_i2c.o(.ARM.exidx.text.I2C_Enable_IRQ), (8 bytes).
    Removing stm32f0xx_hal_i2c.o(.text.HAL_I2C_Master_Receive_IT), (132 bytes).
    Removing stm32f0xx_hal_i2c.o(.ARM.exidx.text.HAL_I2C_Master_Receive_IT), (8 bytes).
    Removing stm32f0xx_hal_i2c.o(.text.HAL_I2C_Slave_Transmit_IT), (124 bytes).
    Removing stm32f0xx_hal_i2c.o(.ARM.exidx.text.HAL_I2C_Slave_Transmit_IT), (8 bytes).
    Removing stm32f0xx_hal_i2c.o(.text.I2C_Slave_ISR_IT), (592 bytes).
    Removing stm32f0xx_hal_i2c.o(.ARM.exidx.text.I2C_Slave_ISR_IT), (8 bytes).
    Removing stm32f0xx_hal_i2c.o(.text.HAL_I2C_Slave_Receive_IT), (84 bytes).
    Removing stm32f0xx_hal_i2c.o(.ARM.exidx.text.HAL_I2C_Slave_Receive_IT), (8 bytes).
    Removing stm32f0xx_hal_i2c.o(.text.HAL_I2C_Master_Transmit_DMA), (328 bytes).
    Removing stm32f0xx_hal_i2c.o(.ARM.exidx.text.HAL_I2C_Master_Transmit_DMA), (8 bytes).
    Removing stm32f0xx_hal_i2c.o(.text.I2C_Master_ISR_DMA), (464 bytes).
    Removing stm32f0xx_hal_i2c.o(.ARM.exidx.text.I2C_Master_ISR_DMA), (8 bytes).
    Removing stm32f0xx_hal_i2c.o(.text.I2C_DMAMasterTransmitCplt), (172 bytes).
    Removing stm32f0xx_hal_i2c.o(.ARM.exidx.text.I2C_DMAMasterTransmitCplt), (8 bytes).
    Removing stm32f0xx_hal_i2c.o(.text.I2C_DMAError), (24 bytes).
    Removing stm32f0xx_hal_i2c.o(.ARM.exidx.text.I2C_DMAError), (8 bytes).
    Removing stm32f0xx_hal_i2c.o(.text.HAL_I2C_Master_Receive_DMA), (324 bytes).
    Removing stm32f0xx_hal_i2c.o(.ARM.exidx.text.HAL_I2C_Master_Receive_DMA), (8 bytes).
    Removing stm32f0xx_hal_i2c.o(.text.I2C_DMAMasterReceiveCplt), (172 bytes).
    Removing stm32f0xx_hal_i2c.o(.ARM.exidx.text.I2C_DMAMasterReceiveCplt), (8 bytes).
    Removing stm32f0xx_hal_i2c.o(.text.HAL_I2C_Slave_Transmit_DMA), (264 bytes).
    Removing stm32f0xx_hal_i2c.o(.ARM.exidx.text.HAL_I2C_Slave_Transmit_DMA), (8 bytes).
    Removing stm32f0xx_hal_i2c.o(.text.I2C_Slave_ISR_DMA), (404 bytes).
    Removing stm32f0xx_hal_i2c.o(.ARM.exidx.text.I2C_Slave_ISR_DMA), (8 bytes).
    Removing stm32f0xx_hal_i2c.o(.text.I2C_DMASlaveTransmitCplt), (152 bytes).
    Removing stm32f0xx_hal_i2c.o(.ARM.exidx.text.I2C_DMASlaveTransmitCplt), (8 bytes).
    Removing stm32f0xx_hal_i2c.o(.text.HAL_I2C_Slave_Receive_DMA), (208 bytes).
    Removing stm32f0xx_hal_i2c.o(.ARM.exidx.text.HAL_I2C_Slave_Receive_DMA), (8 bytes).
    Removing stm32f0xx_hal_i2c.o(.text.I2C_DMASlaveReceiveCplt), (164 bytes).
    Removing stm32f0xx_hal_i2c.o(.ARM.exidx.text.I2C_DMASlaveReceiveCplt), (8 bytes).
    Removing stm32f0xx_hal_i2c.o(.text.HAL_I2C_Mem_Write), (548 bytes).
    Removing stm32f0xx_hal_i2c.o(.ARM.exidx.text.HAL_I2C_Mem_Write), (8 bytes).
    Removing stm32f0xx_hal_i2c.o(.text.HAL_I2C_Mem_Read), (556 bytes).
    Removing stm32f0xx_hal_i2c.o(.ARM.exidx.text.HAL_I2C_Mem_Read), (8 bytes).
    Removing stm32f0xx_hal_i2c.o(.text.HAL_I2C_Mem_Write_IT), (176 bytes).
    Removing stm32f0xx_hal_i2c.o(.ARM.exidx.text.HAL_I2C_Mem_Write_IT), (8 bytes).
    Removing stm32f0xx_hal_i2c.o(.text.I2C_Mem_ISR_IT), (412 bytes).
    Removing stm32f0xx_hal_i2c.o(.ARM.exidx.text.I2C_Mem_ISR_IT), (8 bytes).
    Removing stm32f0xx_hal_i2c.o(.text.HAL_I2C_Mem_Read_IT), (172 bytes).
    Removing stm32f0xx_hal_i2c.o(.ARM.exidx.text.HAL_I2C_Mem_Read_IT), (8 bytes).
    Removing stm32f0xx_hal_i2c.o(.text.HAL_I2C_Mem_Write_DMA), (296 bytes).
    Removing stm32f0xx_hal_i2c.o(.ARM.exidx.text.HAL_I2C_Mem_Write_DMA), (8 bytes).
    Removing stm32f0xx_hal_i2c.o(.text.I2C_Mem_ISR_DMA), (420 bytes).
    Removing stm32f0xx_hal_i2c.o(.ARM.exidx.text.I2C_Mem_ISR_DMA), (8 bytes).
    Removing stm32f0xx_hal_i2c.o(.text.HAL_I2C_Mem_Read_DMA), (292 bytes).
    Removing stm32f0xx_hal_i2c.o(.ARM.exidx.text.HAL_I2C_Mem_Read_DMA), (8 bytes).
    Removing stm32f0xx_hal_i2c.o(.text.HAL_I2C_IsDeviceReady), (384 bytes).
    Removing stm32f0xx_hal_i2c.o(.ARM.exidx.text.HAL_I2C_IsDeviceReady), (8 bytes).
    Removing stm32f0xx_hal_i2c.o(.text.HAL_I2C_Master_Seq_Transmit_IT), (196 bytes).
    Removing stm32f0xx_hal_i2c.o(.ARM.exidx.text.HAL_I2C_Master_Seq_Transmit_IT), (8 bytes).
    Removing stm32f0xx_hal_i2c.o(.text.HAL_I2C_Master_Seq_Transmit_DMA), (404 bytes).
    Removing stm32f0xx_hal_i2c.o(.ARM.exidx.text.HAL_I2C_Master_Seq_Transmit_DMA), (8 bytes).
    Removing stm32f0xx_hal_i2c.o(.text.HAL_I2C_Master_Seq_Receive_IT), (196 bytes).
    Removing stm32f0xx_hal_i2c.o(.ARM.exidx.text.HAL_I2C_Master_Seq_Receive_IT), (8 bytes).
    Removing stm32f0xx_hal_i2c.o(.text.HAL_I2C_Master_Seq_Receive_DMA), (400 bytes).
    Removing stm32f0xx_hal_i2c.o(.ARM.exidx.text.HAL_I2C_Master_Seq_Receive_DMA), (8 bytes).
    Removing stm32f0xx_hal_i2c.o(.text.HAL_I2C_Slave_Seq_Transmit_IT), (228 bytes).
    Removing stm32f0xx_hal_i2c.o(.ARM.exidx.text.HAL_I2C_Slave_Seq_Transmit_IT), (8 bytes).
    Removing stm32f0xx_hal_i2c.o(.text.I2C_DMAAbort), (62 bytes).
    Removing stm32f0xx_hal_i2c.o(.ARM.exidx.text.I2C_DMAAbort), (8 bytes).
    Removing stm32f0xx_hal_i2c.o(.text.HAL_I2C_Slave_Seq_Transmit_DMA), (388 bytes).
    Removing stm32f0xx_hal_i2c.o(.ARM.exidx.text.HAL_I2C_Slave_Seq_Transmit_DMA), (8 bytes).
    Removing stm32f0xx_hal_i2c.o(.text.HAL_I2C_Slave_Seq_Receive_IT), (224 bytes).
    Removing stm32f0xx_hal_i2c.o(.ARM.exidx.text.HAL_I2C_Slave_Seq_Receive_IT), (8 bytes).
    Removing stm32f0xx_hal_i2c.o(.text.HAL_I2C_Slave_Seq_Receive_DMA), (384 bytes).
    Removing stm32f0xx_hal_i2c.o(.ARM.exidx.text.HAL_I2C_Slave_Seq_Receive_DMA), (8 bytes).
    Removing stm32f0xx_hal_i2c.o(.text.HAL_I2C_EnableListen_IT), (44 bytes).
    Removing stm32f0xx_hal_i2c.o(.ARM.exidx.text.HAL_I2C_EnableListen_IT), (8 bytes).
    Removing stm32f0xx_hal_i2c.o(.text.HAL_I2C_DisableListen_IT), (54 bytes).
    Removing stm32f0xx_hal_i2c.o(.ARM.exidx.text.HAL_I2C_DisableListen_IT), (8 bytes).
    Removing stm32f0xx_hal_i2c.o(.text.HAL_I2C_Master_Abort_IT), (196 bytes).
    Removing stm32f0xx_hal_i2c.o(.ARM.exidx.text.HAL_I2C_Master_Abort_IT), (8 bytes).
    Removing stm32f0xx_hal_i2c.o(.text.HAL_I2C_EV_IRQHandler), (18 bytes).
    Removing stm32f0xx_hal_i2c.o(.ARM.exidx.text.HAL_I2C_EV_IRQHandler), (8 bytes).
    Removing stm32f0xx_hal_i2c.o(.text.HAL_I2C_ER_IRQHandler), (130 bytes).
    Removing stm32f0xx_hal_i2c.o(.ARM.exidx.text.HAL_I2C_ER_IRQHandler), (8 bytes).
    Removing stm32f0xx_hal_i2c.o(.text.I2C_ITError), (352 bytes).
    Removing stm32f0xx_hal_i2c.o(.ARM.exidx.text.I2C_ITError), (8 bytes).
    Removing stm32f0xx_hal_i2c.o(.text.HAL_I2C_MasterTxCpltCallback), (2 bytes).
    Removing stm32f0xx_hal_i2c.o(.ARM.exidx.text.HAL_I2C_MasterTxCpltCallback), (8 bytes).
    Removing stm32f0xx_hal_i2c.o(.text.HAL_I2C_MasterRxCpltCallback), (2 bytes).
    Removing stm32f0xx_hal_i2c.o(.ARM.exidx.text.HAL_I2C_MasterRxCpltCallback), (8 bytes).
    Removing stm32f0xx_hal_i2c.o(.text.HAL_I2C_SlaveTxCpltCallback), (2 bytes).
    Removing stm32f0xx_hal_i2c.o(.ARM.exidx.text.HAL_I2C_SlaveTxCpltCallback), (8 bytes).
    Removing stm32f0xx_hal_i2c.o(.text.HAL_I2C_SlaveRxCpltCallback), (2 bytes).
    Removing stm32f0xx_hal_i2c.o(.ARM.exidx.text.HAL_I2C_SlaveRxCpltCallback), (8 bytes).
    Removing stm32f0xx_hal_i2c.o(.text.HAL_I2C_AddrCallback), (2 bytes).
    Removing stm32f0xx_hal_i2c.o(.ARM.exidx.text.HAL_I2C_AddrCallback), (8 bytes).
    Removing stm32f0xx_hal_i2c.o(.text.HAL_I2C_ListenCpltCallback), (2 bytes).
    Removing stm32f0xx_hal_i2c.o(.ARM.exidx.text.HAL_I2C_ListenCpltCallback), (8 bytes).
    Removing stm32f0xx_hal_i2c.o(.text.HAL_I2C_MemTxCpltCallback), (2 bytes).
    Removing stm32f0xx_hal_i2c.o(.ARM.exidx.text.HAL_I2C_MemTxCpltCallback), (8 bytes).
    Removing stm32f0xx_hal_i2c.o(.text.HAL_I2C_MemRxCpltCallback), (2 bytes).
    Removing stm32f0xx_hal_i2c.o(.ARM.exidx.text.HAL_I2C_MemRxCpltCallback), (8 bytes).
    Removing stm32f0xx_hal_i2c.o(.text.HAL_I2C_ErrorCallback), (2 bytes).
    Removing stm32f0xx_hal_i2c.o(.ARM.exidx.text.HAL_I2C_ErrorCallback), (8 bytes).
    Removing stm32f0xx_hal_i2c.o(.text.HAL_I2C_AbortCpltCallback), (2 bytes).
    Removing stm32f0xx_hal_i2c.o(.ARM.exidx.text.HAL_I2C_AbortCpltCallback), (8 bytes).
    Removing stm32f0xx_hal_i2c.o(.text.HAL_I2C_GetState), (6 bytes).
    Removing stm32f0xx_hal_i2c.o(.ARM.exidx.text.HAL_I2C_GetState), (8 bytes).
    Removing stm32f0xx_hal_i2c.o(.text.HAL_I2C_GetMode), (6 bytes).
    Removing stm32f0xx_hal_i2c.o(.ARM.exidx.text.HAL_I2C_GetMode), (8 bytes).
    Removing stm32f0xx_hal_i2c.o(.text.HAL_I2C_GetError), (4 bytes).
    Removing stm32f0xx_hal_i2c.o(.ARM.exidx.text.HAL_I2C_GetError), (8 bytes).
    Removing stm32f0xx_hal_i2c.o(.text.I2C_ITMasterSeqCplt), (96 bytes).
    Removing stm32f0xx_hal_i2c.o(.ARM.exidx.text.I2C_ITMasterSeqCplt), (8 bytes).
    Removing stm32f0xx_hal_i2c.o(.text.I2C_ITMasterCplt), (264 bytes).
    Removing stm32f0xx_hal_i2c.o(.ARM.exidx.text.I2C_ITMasterCplt), (8 bytes).
    Removing stm32f0xx_hal_i2c.o(.text.I2C_ITSlaveCplt), (520 bytes).
    Removing stm32f0xx_hal_i2c.o(.ARM.exidx.text.I2C_ITSlaveCplt), (8 bytes).
    Removing stm32f0xx_hal_i2c.o(.text.I2C_ITSlaveSeqCplt), (132 bytes).
    Removing stm32f0xx_hal_i2c.o(.ARM.exidx.text.I2C_ITSlaveSeqCplt), (8 bytes).
    Removing stm32f0xx_hal_i2c.o(.text.I2C_ITAddrCplt), (168 bytes).
    Removing stm32f0xx_hal_i2c.o(.ARM.exidx.text.I2C_ITAddrCplt), (8 bytes).
    Removing stm32f0xx_hal_i2c.o(.text.I2C_IsErrorOccurred), (384 bytes).
    Removing stm32f0xx_hal_i2c.o(.ARM.exidx.text.I2C_IsErrorOccurred), (8 bytes).
    Removing stm32f0xx_hal_i2c_ex.o(.text), (0 bytes).
    Removing stm32f0xx_hal_i2c_ex.o(.text.HAL_I2CEx_ConfigAnalogFilter), (66 bytes).
    Removing stm32f0xx_hal_i2c_ex.o(.ARM.exidx.text.HAL_I2CEx_ConfigAnalogFilter), (8 bytes).
    Removing stm32f0xx_hal_i2c_ex.o(.text.HAL_I2CEx_ConfigDigitalFilter), (66 bytes).
    Removing stm32f0xx_hal_i2c_ex.o(.ARM.exidx.text.HAL_I2CEx_ConfigDigitalFilter), (8 bytes).
    Removing stm32f0xx_hal_i2c_ex.o(.text.HAL_I2CEx_EnableWakeUp), (60 bytes).
    Removing stm32f0xx_hal_i2c_ex.o(.ARM.exidx.text.HAL_I2CEx_EnableWakeUp), (8 bytes).
    Removing stm32f0xx_hal_i2c_ex.o(.text.HAL_I2CEx_DisableWakeUp), (60 bytes).
    Removing stm32f0xx_hal_i2c_ex.o(.ARM.exidx.text.HAL_I2CEx_DisableWakeUp), (8 bytes).
    Removing stm32f0xx_hal_i2c_ex.o(.text.HAL_I2CEx_EnableFastModePlus), (40 bytes).
    Removing stm32f0xx_hal_i2c_ex.o(.ARM.exidx.text.HAL_I2CEx_EnableFastModePlus), (8 bytes).
    Removing stm32f0xx_hal_i2c_ex.o(.text.HAL_I2CEx_DisableFastModePlus), (40 bytes).
    Removing stm32f0xx_hal_i2c_ex.o(.ARM.exidx.text.HAL_I2CEx_DisableFastModePlus), (8 bytes).
    Removing stm32f0xx_hal_gpio.o(.text), (0 bytes).
    Removing stm32f0xx_hal_gpio.o(.text.HAL_GPIO_Init), (400 bytes).
    Removing stm32f0xx_hal_gpio.o(.ARM.exidx.text.HAL_GPIO_Init), (8 bytes).
    Removing stm32f0xx_hal_gpio.o(.text.HAL_GPIO_DeInit), (228 bytes).
    Removing stm32f0xx_hal_gpio.o(.ARM.exidx.text.HAL_GPIO_DeInit), (8 bytes).
    Removing stm32f0xx_hal_gpio.o(.text.HAL_GPIO_ReadPin), (10 bytes).
    Removing stm32f0xx_hal_gpio.o(.ARM.exidx.text.HAL_GPIO_ReadPin), (8 bytes).
    Removing stm32f0xx_hal_gpio.o(.text.HAL_GPIO_WritePin), (16 bytes).
    Removing stm32f0xx_hal_gpio.o(.ARM.exidx.text.HAL_GPIO_WritePin), (8 bytes).
    Removing stm32f0xx_hal_gpio.o(.text.HAL_GPIO_TogglePin), (16 bytes).
    Removing stm32f0xx_hal_gpio.o(.ARM.exidx.text.HAL_GPIO_TogglePin), (8 bytes).
    Removing stm32f0xx_hal_gpio.o(.text.HAL_GPIO_LockPin), (40 bytes).
    Removing stm32f0xx_hal_gpio.o(.ARM.exidx.text.HAL_GPIO_LockPin), (8 bytes).
    Removing stm32f0xx_hal_gpio.o(.text.HAL_GPIO_EXTI_IRQHandler), (24 bytes).
    Removing stm32f0xx_hal_gpio.o(.ARM.exidx.text.HAL_GPIO_EXTI_IRQHandler), (8 bytes).
    Removing stm32f0xx_hal_gpio.o(.text.HAL_GPIO_EXTI_Callback), (2 bytes).
    Removing stm32f0xx_hal_gpio.o(.ARM.exidx.text.HAL_GPIO_EXTI_Callback), (8 bytes).
    Removing stm32f0xx_hal_dma.o(.text), (0 bytes).
    Removing stm32f0xx_hal_dma.o(.text.HAL_DMA_Init), (124 bytes).
    Removing stm32f0xx_hal_dma.o(.ARM.exidx.text.HAL_DMA_Init), (8 bytes).
    Removing stm32f0xx_hal_dma.o(.text.HAL_DMA_DeInit), (92 bytes).
    Removing stm32f0xx_hal_dma.o(.ARM.exidx.text.HAL_DMA_DeInit), (8 bytes).
    Removing stm32f0xx_hal_dma.o(.text.HAL_DMA_Start), (104 bytes).
    Removing stm32f0xx_hal_dma.o(.ARM.exidx.text.HAL_DMA_Start), (8 bytes).
    Removing stm32f0xx_hal_dma.o(.text.HAL_DMA_Start_IT), (130 bytes).
    Removing stm32f0xx_hal_dma.o(.ARM.exidx.text.HAL_DMA_Start_IT), (8 bytes).
    Removing stm32f0xx_hal_dma.o(.text.HAL_DMA_Abort), (62 bytes).
    Removing stm32f0xx_hal_dma.o(.ARM.exidx.text.HAL_DMA_Abort), (8 bytes).
    Removing stm32f0xx_hal_dma.o(.text.HAL_DMA_Abort_IT), (66 bytes).
    Removing stm32f0xx_hal_dma.o(.ARM.exidx.text.HAL_DMA_Abort_IT), (8 bytes).
    Removing stm32f0xx_hal_dma.o(.text.HAL_DMA_PollForTransfer), (278 bytes).
    Removing stm32f0xx_hal_dma.o(.ARM.exidx.text.HAL_DMA_PollForTransfer), (8 bytes).
    Removing stm32f0xx_hal_dma.o(.text.HAL_DMA_IRQHandler), (212 bytes).
    Removing stm32f0xx_hal_dma.o(.ARM.exidx.text.HAL_DMA_IRQHandler), (8 bytes).
    Removing stm32f0xx_hal_dma.o(.text.HAL_DMA_RegisterCallback), (70 bytes).
    Removing stm32f0xx_hal_dma.o(.ARM.exidx.text.HAL_DMA_RegisterCallback), (8 bytes).
    Removing stm32f0xx_hal_dma.o(.text.HAL_DMA_UnRegisterCallback), (102 bytes).
    Removing stm32f0xx_hal_dma.o(.ARM.exidx.text.HAL_DMA_UnRegisterCallback), (8 bytes).
    Removing stm32f0xx_hal_dma.o(.text.HAL_DMA_GetState), (6 bytes).
    Removing stm32f0xx_hal_dma.o(.ARM.exidx.text.HAL_DMA_GetState), (8 bytes).
    Removing stm32f0xx_hal_dma.o(.text.HAL_DMA_GetError), (4 bytes).
    Removing stm32f0xx_hal_dma.o(.ARM.exidx.text.HAL_DMA_GetError), (8 bytes).
    Removing stm32f0xx_hal_cortex.o(.text), (0 bytes).
    Removing stm32f0xx_hal_cortex.o(.ARM.exidx.text.HAL_NVIC_SetPriority), (8 bytes).
    Removing stm32f0xx_hal_cortex.o(.text.HAL_NVIC_EnableIRQ), (24 bytes).
    Removing stm32f0xx_hal_cortex.o(.ARM.exidx.text.HAL_NVIC_EnableIRQ), (8 bytes).
    Removing stm32f0xx_hal_cortex.o(.text.HAL_NVIC_DisableIRQ), (32 bytes).
    Removing stm32f0xx_hal_cortex.o(.ARM.exidx.text.HAL_NVIC_DisableIRQ), (8 bytes).
    Removing stm32f0xx_hal_cortex.o(.text.HAL_NVIC_SystemReset), (32 bytes).
    Removing stm32f0xx_hal_cortex.o(.ARM.exidx.text.HAL_NVIC_SystemReset), (8 bytes).
    Removing stm32f0xx_hal_cortex.o(.ARM.exidx.text.HAL_SYSTICK_Config), (8 bytes).
    Removing stm32f0xx_hal_cortex.o(.text.HAL_NVIC_GetPriority), (48 bytes).
    Removing stm32f0xx_hal_cortex.o(.ARM.exidx.text.HAL_NVIC_GetPriority), (8 bytes).
    Removing stm32f0xx_hal_cortex.o(.text.HAL_NVIC_SetPendingIRQ), (24 bytes).
    Removing stm32f0xx_hal_cortex.o(.ARM.exidx.text.HAL_NVIC_SetPendingIRQ), (8 bytes).
    Removing stm32f0xx_hal_cortex.o(.text.HAL_NVIC_GetPendingIRQ), (28 bytes).
    Removing stm32f0xx_hal_cortex.o(.ARM.exidx.text.HAL_NVIC_GetPendingIRQ), (8 bytes).
    Removing stm32f0xx_hal_cortex.o(.text.HAL_NVIC_ClearPendingIRQ), (24 bytes).
    Removing stm32f0xx_hal_cortex.o(.ARM.exidx.text.HAL_NVIC_ClearPendingIRQ), (8 bytes).
    Removing stm32f0xx_hal_cortex.o(.text.HAL_SYSTICK_CLKSourceConfig), (28 bytes).
    Removing stm32f0xx_hal_cortex.o(.ARM.exidx.text.HAL_SYSTICK_CLKSourceConfig), (8 bytes).
    Removing stm32f0xx_hal_cortex.o(.text.HAL_SYSTICK_IRQHandler), (8 bytes).
    Removing stm32f0xx_hal_cortex.o(.ARM.exidx.text.HAL_SYSTICK_IRQHandler), (8 bytes).
    Removing stm32f0xx_hal_cortex.o(.text.HAL_SYSTICK_Callback), (2 bytes).
    Removing stm32f0xx_hal_cortex.o(.ARM.exidx.text.HAL_SYSTICK_Callback), (8 bytes).
    Removing stm32f0xx_hal_pwr.o(.text), (0 bytes).
    Removing stm32f0xx_hal_pwr.o(.text.HAL_PWR_DeInit), (24 bytes).
    Removing stm32f0xx_hal_pwr.o(.ARM.exidx.text.HAL_PWR_DeInit), (8 bytes).
    Removing stm32f0xx_hal_pwr.o(.text.HAL_PWR_EnableBkUpAccess), (20 bytes).
    Removing stm32f0xx_hal_pwr.o(.ARM.exidx.text.HAL_PWR_EnableBkUpAccess), (8 bytes).
    Removing stm32f0xx_hal_pwr.o(.text.HAL_PWR_DisableBkUpAccess), (20 bytes).
    Removing stm32f0xx_hal_pwr.o(.ARM.exidx.text.HAL_PWR_DisableBkUpAccess), (8 bytes).
    Removing stm32f0xx_hal_pwr.o(.text.HAL_PWR_EnableWakeUpPin), (16 bytes).
    Removing stm32f0xx_hal_pwr.o(.ARM.exidx.text.HAL_PWR_EnableWakeUpPin), (8 bytes).
    Removing stm32f0xx_hal_pwr.o(.text.HAL_PWR_DisableWakeUpPin), (16 bytes).
    Removing stm32f0xx_hal_pwr.o(.ARM.exidx.text.HAL_PWR_DisableWakeUpPin), (8 bytes).
    Removing stm32f0xx_hal_pwr.o(.text.HAL_PWR_EnterSLEEPMode), (32 bytes).
    Removing stm32f0xx_hal_pwr.o(.ARM.exidx.text.HAL_PWR_EnterSLEEPMode), (8 bytes).
    Removing stm32f0xx_hal_pwr.o(.text.HAL_PWR_EnterSTOPMode), (60 bytes).
    Removing stm32f0xx_hal_pwr.o(.ARM.exidx.text.HAL_PWR_EnterSTOPMode), (8 bytes).
    Removing stm32f0xx_hal_pwr.o(.text.HAL_PWR_EnterSTANDBYMode), (32 bytes).
    Removing stm32f0xx_hal_pwr.o(.ARM.exidx.text.HAL_PWR_EnterSTANDBYMode), (8 bytes).
    Removing stm32f0xx_hal_pwr.o(.text.HAL_PWR_EnableSleepOnExit), (16 bytes).
    Removing stm32f0xx_hal_pwr.o(.ARM.exidx.text.HAL_PWR_EnableSleepOnExit), (8 bytes).
    Removing stm32f0xx_hal_pwr.o(.text.HAL_PWR_DisableSleepOnExit), (16 bytes).
    Removing stm32f0xx_hal_pwr.o(.ARM.exidx.text.HAL_PWR_DisableSleepOnExit), (8 bytes).
    Removing stm32f0xx_hal_pwr.o(.text.HAL_PWR_EnableSEVOnPend), (16 bytes).
    Removing stm32f0xx_hal_pwr.o(.ARM.exidx.text.HAL_PWR_EnableSEVOnPend), (8 bytes).
    Removing stm32f0xx_hal_pwr.o(.text.HAL_PWR_DisableSEVOnPend), (16 bytes).
    Removing stm32f0xx_hal_pwr.o(.ARM.exidx.text.HAL_PWR_DisableSEVOnPend), (8 bytes).
    Removing stm32f0xx_hal_pwr_ex.o(.text), (0 bytes).
    Removing stm32f0xx_hal_pwr_ex.o(.text.HAL_PWR_ConfigPVD), (116 bytes).
    Removing stm32f0xx_hal_pwr_ex.o(.ARM.exidx.text.HAL_PWR_ConfigPVD), (8 bytes).
    Removing stm32f0xx_hal_pwr_ex.o(.text.HAL_PWR_EnablePVD), (16 bytes).
    Removing stm32f0xx_hal_pwr_ex.o(.ARM.exidx.text.HAL_PWR_EnablePVD), (8 bytes).
    Removing stm32f0xx_hal_pwr_ex.o(.text.HAL_PWR_DisablePVD), (16 bytes).
    Removing stm32f0xx_hal_pwr_ex.o(.ARM.exidx.text.HAL_PWR_DisablePVD), (8 bytes).
    Removing stm32f0xx_hal_pwr_ex.o(.text.HAL_PWR_PVD_IRQHandler), (28 bytes).
    Removing stm32f0xx_hal_pwr_ex.o(.ARM.exidx.text.HAL_PWR_PVD_IRQHandler), (8 bytes).
    Removing stm32f0xx_hal_pwr_ex.o(.text.HAL_PWR_PVDCallback), (2 bytes).
    Removing stm32f0xx_hal_pwr_ex.o(.ARM.exidx.text.HAL_PWR_PVDCallback), (8 bytes).
    Removing stm32f0xx_hal_pwr_ex.o(.text.HAL_PWREx_EnableVddio2Monitor), (24 bytes).
    Removing stm32f0xx_hal_pwr_ex.o(.ARM.exidx.text.HAL_PWREx_EnableVddio2Monitor), (8 bytes).
    Removing stm32f0xx_hal_pwr_ex.o(.text.HAL_PWREx_DisableVddio2Monitor), (32 bytes).
    Removing stm32f0xx_hal_pwr_ex.o(.ARM.exidx.text.HAL_PWREx_DisableVddio2Monitor), (8 bytes).
    Removing stm32f0xx_hal_pwr_ex.o(.text.HAL_PWREx_Vddio2Monitor_IRQHandler), (28 bytes).
    Removing stm32f0xx_hal_pwr_ex.o(.ARM.exidx.text.HAL_PWREx_Vddio2Monitor_IRQHandler), (8 bytes).
    Removing stm32f0xx_hal_pwr_ex.o(.text.HAL_PWREx_Vddio2MonitorCallback), (2 bytes).
    Removing stm32f0xx_hal_pwr_ex.o(.ARM.exidx.text.HAL_PWREx_Vddio2MonitorCallback), (8 bytes).
    Removing stm32f0xx_hal_flash.o(.text), (0 bytes).
    Removing stm32f0xx_hal_flash.o(.text.HAL_FLASH_Program), (340 bytes).
    Removing stm32f0xx_hal_flash.o(.ARM.exidx.text.HAL_FLASH_Program), (8 bytes).
    Removing stm32f0xx_hal_flash.o(.text.FLASH_WaitForLastOperation), (172 bytes).
    Removing stm32f0xx_hal_flash.o(.ARM.exidx.text.FLASH_WaitForLastOperation), (8 bytes).
    Removing stm32f0xx_hal_flash.o(.text.HAL_FLASH_Program_IT), (92 bytes).
    Removing stm32f0xx_hal_flash.o(.ARM.exidx.text.HAL_FLASH_Program_IT), (8 bytes).
    Removing stm32f0xx_hal_flash.o(.text.HAL_FLASH_IRQHandler), (348 bytes).
    Removing stm32f0xx_hal_flash.o(.ARM.exidx.text.HAL_FLASH_IRQHandler), (8 bytes).
    Removing stm32f0xx_hal_flash.o(.text.HAL_FLASH_OperationErrorCallback), (2 bytes).
    Removing stm32f0xx_hal_flash.o(.ARM.exidx.text.HAL_FLASH_OperationErrorCallback), (8 bytes).
    Removing stm32f0xx_hal_flash.o(.text.HAL_FLASH_EndOfOperationCallback), (2 bytes).
    Removing stm32f0xx_hal_flash.o(.ARM.exidx.text.HAL_FLASH_EndOfOperationCallback), (8 bytes).
    Removing stm32f0xx_hal_flash.o(.text.HAL_FLASH_Unlock), (40 bytes).
    Removing stm32f0xx_hal_flash.o(.ARM.exidx.text.HAL_FLASH_Unlock), (8 bytes).
    Removing stm32f0xx_hal_flash.o(.text.HAL_FLASH_Lock), (20 bytes).
    Removing stm32f0xx_hal_flash.o(.ARM.exidx.text.HAL_FLASH_Lock), (8 bytes).
    Removing stm32f0xx_hal_flash.o(.text.HAL_FLASH_OB_Unlock), (36 bytes).
    Removing stm32f0xx_hal_flash.o(.ARM.exidx.text.HAL_FLASH_OB_Unlock), (8 bytes).
    Removing stm32f0xx_hal_flash.o(.text.HAL_FLASH_OB_Lock), (20 bytes).
    Removing stm32f0xx_hal_flash.o(.ARM.exidx.text.HAL_FLASH_OB_Lock), (8 bytes).
    Removing stm32f0xx_hal_flash.o(.text.HAL_FLASH_OB_Launch), (152 bytes).
    Removing stm32f0xx_hal_flash.o(.ARM.exidx.text.HAL_FLASH_OB_Launch), (8 bytes).
    Removing stm32f0xx_hal_flash.o(.text.HAL_FLASH_GetError), (12 bytes).
    Removing stm32f0xx_hal_flash.o(.ARM.exidx.text.HAL_FLASH_GetError), (8 bytes).
    Removing stm32f0xx_hal_flash.o(.bss.pFlash), (32 bytes).
    Removing stm32f0xx_hal_flash_ex.o(.text), (0 bytes).
    Removing stm32f0xx_hal_flash_ex.o(.text.HAL_FLASHEx_Erase), (208 bytes).
    Removing stm32f0xx_hal_flash_ex.o(.ARM.exidx.text.HAL_FLASHEx_Erase), (8 bytes).
    Removing stm32f0xx_hal_flash_ex.o(.text.FLASH_PageErase), (36 bytes).
    Removing stm32f0xx_hal_flash_ex.o(.ARM.exidx.text.FLASH_PageErase), (8 bytes).
    Removing stm32f0xx_hal_flash_ex.o(.text.HAL_FLASHEx_Erase_IT), (112 bytes).
    Removing stm32f0xx_hal_flash_ex.o(.ARM.exidx.text.HAL_FLASHEx_Erase_IT), (8 bytes).
    Removing stm32f0xx_hal_flash_ex.o(.text.HAL_FLASHEx_OBErase), (184 bytes).
    Removing stm32f0xx_hal_flash_ex.o(.ARM.exidx.text.HAL_FLASHEx_OBErase), (8 bytes).
    Removing stm32f0xx_hal_flash_ex.o(.text.HAL_FLASHEx_OBProgram), (520 bytes).
    Removing stm32f0xx_hal_flash_ex.o(.ARM.exidx.text.HAL_FLASHEx_OBProgram), (8 bytes).
    Removing stm32f0xx_hal_flash_ex.o(.text.HAL_FLASHEx_OBGetConfig), (56 bytes).
    Removing stm32f0xx_hal_flash_ex.o(.ARM.exidx.text.HAL_FLASHEx_OBGetConfig), (8 bytes).
    Removing stm32f0xx_hal_flash_ex.o(.text.HAL_FLASHEx_OBGetUserData), (28 bytes).
    Removing stm32f0xx_hal_flash_ex.o(.ARM.exidx.text.HAL_FLASHEx_OBGetUserData), (8 bytes).
    Removing stm32f0xx_hal_exti.o(.text), (0 bytes).
    Removing stm32f0xx_hal_exti.o(.text.HAL_EXTI_SetConfigLine), (160 bytes).
    Removing stm32f0xx_hal_exti.o(.ARM.exidx.text.HAL_EXTI_SetConfigLine), (8 bytes).
    Removing stm32f0xx_hal_exti.o(.text.HAL_EXTI_GetConfigLine), (128 bytes).
    Removing stm32f0xx_hal_exti.o(.ARM.exidx.text.HAL_EXTI_GetConfigLine), (8 bytes).
    Removing stm32f0xx_hal_exti.o(.text.HAL_EXTI_ClearConfigLine), (96 bytes).
    Removing stm32f0xx_hal_exti.o(.ARM.exidx.text.HAL_EXTI_ClearConfigLine), (8 bytes).
    Removing stm32f0xx_hal_exti.o(.text.HAL_EXTI_RegisterCallback), (14 bytes).
    Removing stm32f0xx_hal_exti.o(.ARM.exidx.text.HAL_EXTI_RegisterCallback), (8 bytes).
    Removing stm32f0xx_hal_exti.o(.text.HAL_EXTI_GetHandle), (14 bytes).
    Removing stm32f0xx_hal_exti.o(.ARM.exidx.text.HAL_EXTI_GetHandle), (8 bytes).
    Removing stm32f0xx_hal_exti.o(.text.HAL_EXTI_IRQHandler), (36 bytes).
    Removing stm32f0xx_hal_exti.o(.ARM.exidx.text.HAL_EXTI_IRQHandler), (8 bytes).
    Removing stm32f0xx_hal_exti.o(.text.HAL_EXTI_GetPending), (24 bytes).
    Removing stm32f0xx_hal_exti.o(.ARM.exidx.text.HAL_EXTI_GetPending), (8 bytes).
    Removing stm32f0xx_hal_exti.o(.text.HAL_EXTI_ClearPending), (20 bytes).
    Removing stm32f0xx_hal_exti.o(.ARM.exidx.text.HAL_EXTI_ClearPending), (8 bytes).
    Removing stm32f0xx_hal_exti.o(.text.HAL_EXTI_GenerateSWI), (20 bytes).
    Removing stm32f0xx_hal_exti.o(.ARM.exidx.text.HAL_EXTI_GenerateSWI), (8 bytes).
    Removing system_stm32f0xx.o(.text), (0 bytes).
    Removing system_stm32f0xx.o(.ARM.exidx.text.SystemInit), (8 bytes).
    Removing system_stm32f0xx.o(.text.SystemCoreClockUpdate), (96 bytes).
    Removing system_stm32f0xx.o(.ARM.exidx.text.SystemCoreClockUpdate), (8 bytes).
    Removing system_stm32f0xx.o(.rodata.APBPrescTable), (8 bytes).

512 unused section(s) (total 34946 bytes) removed from the image.

==============================================================================

Image Symbol Table

    Local Symbols

    Symbol Name                              Value     Ov Type        Size  Object(Section)

    ../clib/angel/boardlib.s                 0x00000000   Number         0  boardinit1.o ABSOLUTE
    ../clib/angel/boardlib.s                 0x00000000   Number         0  boardinit2.o ABSOLUTE
    ../clib/angel/boardlib.s                 0x00000000   Number         0  boardinit3.o ABSOLUTE
    ../clib/angel/boardlib.s                 0x00000000   Number         0  boardshut.o ABSOLUTE
    ../clib/angel/handlers.s                 0x00000000   Number         0  __scatter_copy.o ABSOLUTE
    ../clib/angel/handlers.s                 0x00000000   Number         0  __scatter_zi.o ABSOLUTE
    ../clib/angel/kernel.s                   0x00000000   Number         0  __rtentry.o ABSOLUTE
    ../clib/angel/kernel.s                   0x00000000   Number         0  __rtentry2.o ABSOLUTE
    ../clib/angel/kernel.s                   0x00000000   Number         0  __rtentry4.o ABSOLUTE
    ../clib/angel/kernel.s                   0x00000000   Number         0  rtexit.o ABSOLUTE
    ../clib/angel/kernel.s                   0x00000000   Number         0  rtexit2.o ABSOLUTE
    ../clib/angel/rt.s                       0x00000000   Number         0  aeabi_idiv0.o ABSOLUTE
    ../clib/angel/rt.s                       0x00000000   Number         0  aeabi_idiv0_sigfpe.o ABSOLUTE
    ../clib/angel/rt.s                       0x00000000   Number         0  aeabi_ldiv0.o ABSOLUTE
    ../clib/angel/rt.s                       0x00000000   Number         0  aeabi_ldiv0_sigfpe.o ABSOLUTE
    ../clib/angel/rt.s                       0x00000000   Number         0  rt_div0.o ABSOLUTE
    ../clib/angel/rt.s                       0x00000000   Number         0  rt_raise.o ABSOLUTE
    ../clib/angel/scatterp.s                 0x00000000   Number         0  __scatter.o ABSOLUTE
    ../clib/angel/startup.s                  0x00000000   Number         0  __main.o ABSOLUTE
    ../clib/angel/sys.s                      0x00000000   Number         0  sys_stackheap_outer.o ABSOLUTE
    ../clib/angel/sys.s                      0x00000000   Number         0  libspace.o ABSOLUTE
    ../clib/angel/sys.s                      0x00000000   Number         0  tempstk.o ABSOLUTE
    ../clib/angel/sys.s                      0x00000000   Number         0  use_no_semi.o ABSOLUTE
    ../clib/angel/sys.s                      0x00000000   Number         0  indicate_semi.o ABSOLUTE
    ../clib/angel/sysapp.c                   0x00000000   Number         0  sys_exit.o ABSOLUTE
    ../clib/angel/sysapp.c                   0x00000000   Number         0  sys_exit_hlt.o ABSOLUTE
    ../clib/angel/sysapp.c                   0x00000000   Number         0  sys_wrch.o ABSOLUTE
    ../clib/angel/sysapp.c                   0x00000000   Number         0  sys_wrch_hlt.o ABSOLUTE
    ../clib/angel/sysapp.c                   0x00000000   Number         0  sys_command.o ABSOLUTE
    ../clib/angel/sysapp.c                   0x00000000   Number         0  sys_command_hlt.o ABSOLUTE
    ../clib/armsys.c                         0x00000000   Number         0  argv_veneer.o ABSOLUTE
    ../clib/armsys.c                         0x00000000   Number         0  _get_argv_nomalloc.o ABSOLUTE
    ../clib/armsys.c                         0x00000000   Number         0  no_argv.o ABSOLUTE
    ../clib/division.c                       0x00000000   Number         0  llsdiv.o ABSOLUTE
    ../clib/division.c                       0x00000000   Number         0  lludiv.o ABSOLUTE
    ../clib/division.s                       0x00000000   Number         0  aeabi_sdivfast.o ABSOLUTE
    ../clib/division.s                       0x00000000   Number         0  aeabi_sdivfast_div0.o ABSOLUTE
    ../clib/heapalloc.c                      0x00000000   Number         0  hrguard.o ABSOLUTE
    ../clib/heapaux.c                        0x00000000   Number         0  heapauxi.o ABSOLUTE
    ../clib/libinit.s                        0x00000000   Number         0  libinit.o ABSOLUTE
    ../clib/libinit.s                        0x00000000   Number         0  libinit2.o ABSOLUTE
    ../clib/libinit.s                        0x00000000   Number         0  libshutdown.o ABSOLUTE
    ../clib/libinit.s                        0x00000000   Number         0  libshutdown2.o ABSOLUTE
    ../clib/longlong.c                       0x00000000   Number         0  llushr.o ABSOLUTE
    ../clib/memcpset.c                       0x00000000   Number         0  aeabi_memset4.o ABSOLUTE
    ../clib/memcpset.c                       0x00000000   Number         0  rt_memclr.o ABSOLUTE
    ../clib/signal.c                         0x00000000   Number         0  defsig_fpe_outer.o ABSOLUTE
    ../clib/signal.c                         0x00000000   Number         0  defsig_fpe_formal.o ABSOLUTE
    ../clib/signal.c                         0x00000000   Number         0  defsig_exit.o ABSOLUTE
    ../clib/signal.c                         0x00000000   Number         0  defsig_fpe_inner.o ABSOLUTE
    ../clib/signal.c                         0x00000000   Number         0  __raise.o ABSOLUTE
    ../clib/signal.c                         0x00000000   Number         0  defsig_general.o ABSOLUTE
    ../clib/signal.c                         0x00000000   Number         0  defsig_abrt_inner.o ABSOLUTE
    ../clib/signal.c                         0x00000000   Number         0  defsig_rtred_inner.o ABSOLUTE
    ../clib/signal.c                         0x00000000   Number         0  defsig_rtmem_inner.o ABSOLUTE
    ../clib/signal.c                         0x00000000   Number         0  defsig_rtmem_outer.o ABSOLUTE
    ../clib/signal.c                         0x00000000   Number         0  defsig_rtmem_formal.o ABSOLUTE
    ../clib/signal.c                         0x00000000   Number         0  defsig_stak_inner.o ABSOLUTE
    ../clib/signal.c                         0x00000000   Number         0  defsig_pvfn_inner.o ABSOLUTE
    ../clib/signal.c                         0x00000000   Number         0  defsig_cppl_inner.o ABSOLUTE
    ../clib/signal.c                         0x00000000   Number         0  defsig_segv_inner.o ABSOLUTE
    ../clib/signal.c                         0x00000000   Number         0  defsig_other.o ABSOLUTE
    ../clib/signal.s                         0x00000000   Number         0  defsig.o ABSOLUTE
    ../clib/stdlib.c                         0x00000000   Number         0  exit.o ABSOLUTE
    ../clib/string.c                         0x00000000   Number         0  strlen.o ABSOLUTE
    ../fplib/cfplib/fpinit.c                 0x00000000   Number         0  fpinit.o ABSOLUTE
    dc.s                                     0x00000000   Number         0  dc.o ABSOLUTE
    fonts.c                                  0x00000000   Number         0  fonts.o ABSOLUTE
    main.c                                   0x00000000   Number         0  main.o ABSOLUTE
    ssd1309.c                                0x00000000   Number         0  ssd1309.o ABSOLUTE
    startup_stm32f072xb.s                    0x00000000   Number         0  startup_stm32f072xb.o ABSOLUTE
    stm32f0xx_hal.c                          0x00000000   Number         0  stm32f0xx_hal.o ABSOLUTE
    stm32f0xx_hal_cortex.c                   0x00000000   Number         0  stm32f0xx_hal_cortex.o ABSOLUTE
    stm32f0xx_hal_dma.c                      0x00000000   Number         0  stm32f0xx_hal_dma.o ABSOLUTE
    stm32f0xx_hal_exti.c                     0x00000000   Number         0  stm32f0xx_hal_exti.o ABSOLUTE
    stm32f0xx_hal_flash.c                    0x00000000   Number         0  stm32f0xx_hal_flash.o ABSOLUTE
    stm32f0xx_hal_flash_ex.c                 0x00000000   Number         0  stm32f0xx_hal_flash_ex.o ABSOLUTE
    stm32f0xx_hal_gpio.c                     0x00000000   Number         0  stm32f0xx_hal_gpio.o ABSOLUTE
    stm32f0xx_hal_i2c.c                      0x00000000   Number         0  stm32f0xx_hal_i2c.o ABSOLUTE
    stm32f0xx_hal_i2c_ex.c                   0x00000000   Number         0  stm32f0xx_hal_i2c_ex.o ABSOLUTE
    stm32f0xx_hal_msp.c                      0x00000000   Number         0  stm32f0xx_hal_msp.o ABSOLUTE
    stm32f0xx_hal_pwr.c                      0x00000000   Number         0  stm32f0xx_hal_pwr.o ABSOLUTE
    stm32f0xx_hal_pwr_ex.c                   0x00000000   Number         0  stm32f0xx_hal_pwr_ex.o ABSOLUTE
    stm32f0xx_hal_rcc.c                      0x00000000   Number         0  stm32f0xx_hal_rcc.o ABSOLUTE
    stm32f0xx_hal_rcc_ex.c                   0x00000000   Number         0  stm32f0xx_hal_rcc_ex.o ABSOLUTE
    stm32f0xx_hal_tim.c                      0x00000000   Number         0  stm32f0xx_hal_tim.o ABSOLUTE
    stm32f0xx_hal_tim_ex.c                   0x00000000   Number         0  stm32f0xx_hal_tim_ex.o ABSOLUTE
    stm32f0xx_it.c                           0x00000000   Number         0  stm32f0xx_it.o ABSOLUTE
    system_stm32f0xx.c                       0x00000000   Number         0  system_stm32f0xx.o ABSOLUTE
    RESET                                    0x08000000   Section      192  startup_stm32f072xb.o(RESET)
    !!!main                                  0x080000c0   Section        8  __main.o(!!!main)
    !!!scatter                               0x080000c8   Section       84  __scatter.o(!!!scatter)
    !!handler_copy                           0x0800011c   Section       26  __scatter_copy.o(!!handler_copy)
    !!handler_null                           0x08000138   Section        2  __scatter.o(!!handler_null)
    !!handler_zi                             0x0800013c   Section       28  __scatter_zi.o(!!handler_zi)
    .ARM.Collect$$libinit$$00000000          0x08000158   Section        2  libinit.o(.ARM.Collect$$libinit$$00000000)
    .ARM.Collect$$libinit$$00000002          0x0800015a   Section        0  libinit2.o(.ARM.Collect$$libinit$$00000002)
    .ARM.Collect$$libinit$$00000004          0x0800015a   Section        0  libinit2.o(.ARM.Collect$$libinit$$00000004)
    .ARM.Collect$$libinit$$00000006          0x0800015a   Section        0  libinit2.o(.ARM.Collect$$libinit$$00000006)
    .ARM.Collect$$libinit$$0000000C          0x0800015a   Section        0  libinit2.o(.ARM.Collect$$libinit$$0000000C)
    .ARM.Collect$$libinit$$0000000E          0x0800015a   Section        0  libinit2.o(.ARM.Collect$$libinit$$0000000E)
    .ARM.Collect$$libinit$$00000010          0x0800015a   Section        0  libinit2.o(.ARM.Collect$$libinit$$00000010)
    .ARM.Collect$$libinit$$00000013          0x0800015a   Section        0  libinit2.o(.ARM.Collect$$libinit$$00000013)
    .ARM.Collect$$libinit$$00000015          0x0800015a   Section        0  libinit2.o(.ARM.Collect$$libinit$$00000015)
    .ARM.Collect$$libinit$$00000017          0x0800015a   Section        0  libinit2.o(.ARM.Collect$$libinit$$00000017)
    .ARM.Collect$$libinit$$00000019          0x0800015a   Section        0  libinit2.o(.ARM.Collect$$libinit$$00000019)
    .ARM.Collect$$libinit$$0000001B          0x0800015a   Section        0  libinit2.o(.ARM.Collect$$libinit$$0000001B)
    .ARM.Collect$$libinit$$0000001D          0x0800015a   Section        0  libinit2.o(.ARM.Collect$$libinit$$0000001D)
    .ARM.Collect$$libinit$$0000001F          0x0800015a   Section        0  libinit2.o(.ARM.Collect$$libinit$$0000001F)
    .ARM.Collect$$libinit$$00000021          0x0800015a   Section        0  libinit2.o(.ARM.Collect$$libinit$$00000021)
    .ARM.Collect$$libinit$$00000023          0x0800015a   Section        0  libinit2.o(.ARM.Collect$$libinit$$00000023)
    .ARM.Collect$$libinit$$00000025          0x0800015a   Section        0  libinit2.o(.ARM.Collect$$libinit$$00000025)
    .ARM.Collect$$libinit$$00000027          0x0800015a   Section        0  libinit2.o(.ARM.Collect$$libinit$$00000027)
    .ARM.Collect$$libinit$$0000002E          0x0800015a   Section        0  libinit2.o(.ARM.Collect$$libinit$$0000002E)
    .ARM.Collect$$libinit$$00000030          0x0800015a   Section        0  libinit2.o(.ARM.Collect$$libinit$$00000030)
    .ARM.Collect$$libinit$$00000032          0x0800015a   Section        0  libinit2.o(.ARM.Collect$$libinit$$00000032)
    .ARM.Collect$$libinit$$00000034          0x0800015a   Section        0  libinit2.o(.ARM.Collect$$libinit$$00000034)
    .ARM.Collect$$libinit$$00000035          0x0800015a   Section        2  libinit2.o(.ARM.Collect$$libinit$$00000035)
    .ARM.Collect$$libshutdown$$00000000      0x0800015c   Section        2  libshutdown.o(.ARM.Collect$$libshutdown$$00000000)
    .ARM.Collect$$libshutdown$$00000002      0x0800015e   Section        0  libshutdown2.o(.ARM.Collect$$libshutdown$$00000002)
    .ARM.Collect$$libshutdown$$00000004      0x0800015e   Section        0  libshutdown2.o(.ARM.Collect$$libshutdown$$00000004)
    .ARM.Collect$$libshutdown$$00000007      0x0800015e   Section        0  libshutdown2.o(.ARM.Collect$$libshutdown$$00000007)
    .ARM.Collect$$libshutdown$$0000000A      0x0800015e   Section        0  libshutdown2.o(.ARM.Collect$$libshutdown$$0000000A)
    .ARM.Collect$$libshutdown$$0000000C      0x0800015e   Section        0  libshutdown2.o(.ARM.Collect$$libshutdown$$0000000C)
    .ARM.Collect$$libshutdown$$0000000F      0x0800015e   Section        0  libshutdown2.o(.ARM.Collect$$libshutdown$$0000000F)
    .ARM.Collect$$libshutdown$$00000010      0x0800015e   Section        2  libshutdown2.o(.ARM.Collect$$libshutdown$$00000010)
    .ARM.Collect$$rtentry$$00000000          0x08000160   Section        0  __rtentry.o(.ARM.Collect$$rtentry$$00000000)
    .ARM.Collect$$rtentry$$00000002          0x08000160   Section        0  __rtentry2.o(.ARM.Collect$$rtentry$$00000002)
    .ARM.Collect$$rtentry$$00000004          0x08000160   Section        6  __rtentry4.o(.ARM.Collect$$rtentry$$00000004)
    .ARM.Collect$$rtentry$$00000009          0x08000166   Section        0  __rtentry2.o(.ARM.Collect$$rtentry$$00000009)
    .ARM.Collect$$rtentry$$0000000A          0x08000166   Section        4  __rtentry2.o(.ARM.Collect$$rtentry$$0000000A)
    .ARM.Collect$$rtentry$$0000000C          0x0800016a   Section        0  __rtentry2.o(.ARM.Collect$$rtentry$$0000000C)
    .ARM.Collect$$rtentry$$0000000D          0x0800016a   Section        8  __rtentry2.o(.ARM.Collect$$rtentry$$0000000D)
    .ARM.Collect$$rtexit$$00000000           0x08000172   Section        2  rtexit.o(.ARM.Collect$$rtexit$$00000000)
    .ARM.Collect$$rtexit$$00000002           0x08000174   Section        0  rtexit2.o(.ARM.Collect$$rtexit$$00000002)
    .ARM.Collect$$rtexit$$00000003           0x08000174   Section        4  rtexit2.o(.ARM.Collect$$rtexit$$00000003)
    .ARM.Collect$$rtexit$$00000004           0x08000178   Section        6  rtexit2.o(.ARM.Collect$$rtexit$$00000004)
    .text                                    0x08000180   Section       56  startup_stm32f072xb.o(.text)
    .text                                    0x080001b8   Section        0  llsdiv.o(.text)
    .text                                    0x0800025e   Section        0  aeabi_memset4.o(.text)
    .text                                    0x08000270   Section        0  rt_memclr.o(.text)
    .text                                    0x080002b0   Section      504  aeabi_sdivfast.o(.text)
    .text                                    0x080004a8   Section        0  heapauxi.o(.text)
    .text                                    0x080004ae   Section        0  lludiv.o(.text)
    .text                                    0x080005be   Section       62  sys_stackheap_outer.o(.text)
    .text                                    0x080005fc   Section        0  exit.o(.text)
    .text                                    0x0800060c   Section        8  libspace.o(.text)
    .text                                    0x08000614   Section        0  sys_exit.o(.text)
    .text                                    0x08000620   Section        2  use_no_semi.o(.text)
    .text                                    0x08000622   Section        0  indicate_semi.o(.text)
    [Anonymous Symbol]                       0x08000624   Section        0  main.o(.text.EXTI0_1_IRQHandler)
    [Anonymous Symbol]                       0x080006ac   Section        0  main.o(.text.EXTI4_15_IRQHandler)
    __arm_cp.2_0                             0x080007cc   Number         4  main.o(.text.EXTI4_15_IRQHandler)
    __arm_cp.2_1                             0x080007d0   Number         4  main.o(.text.EXTI4_15_IRQHandler)
    __arm_cp.2_2                             0x080007d4   Number         4  main.o(.text.EXTI4_15_IRQHandler)
    [Anonymous Symbol]                       0x080007d8   Section        0  stm32f0xx_hal.o(.text.HAL_Delay)
    [Anonymous Symbol]                       0x080007f8   Section        0  stm32f0xx_hal.o(.text.HAL_GetTick)
    [Anonymous Symbol]                       0x08000800   Section        0  stm32f0xx_hal.o(.text.HAL_IncTick)
    __arm_cp.5_1                             0x08000810   Number         4  stm32f0xx_hal.o(.text.HAL_IncTick)
    [Anonymous Symbol]                       0x08000814   Section        0  stm32f0xx_hal.o(.text.HAL_Init)
    [Anonymous Symbol]                       0x08000830   Section        0  stm32f0xx_hal.o(.text.HAL_InitTick)
    __arm_cp.1_0                             0x0800086c   Number         4  stm32f0xx_hal.o(.text.HAL_InitTick)
    [Anonymous Symbol]                       0x08000870   Section        0  stm32f0xx_hal_msp.o(.text.HAL_MspInit)
    __arm_cp.0_0                             0x08000898   Number         4  stm32f0xx_hal_msp.o(.text.HAL_MspInit)
    [Anonymous Symbol]                       0x0800089c   Section        0  stm32f0xx_hal_cortex.o(.text.HAL_NVIC_SetPriority)
    __arm_cp.0_0                             0x080008cc   Number         4  stm32f0xx_hal_cortex.o(.text.HAL_NVIC_SetPriority)
    __arm_cp.0_1                             0x080008d0   Number         4  stm32f0xx_hal_cortex.o(.text.HAL_NVIC_SetPriority)
    [Anonymous Symbol]                       0x080008d4   Section        0  stm32f0xx_hal_rcc.o(.text.HAL_RCC_ClockConfig)
    __arm_cp.2_0                             0x08000a2c   Number         4  stm32f0xx_hal_rcc.o(.text.HAL_RCC_ClockConfig)
    __arm_cp.2_1                             0x08000a30   Number         4  stm32f0xx_hal_rcc.o(.text.HAL_RCC_ClockConfig)
    __arm_cp.2_2                             0x08000a34   Number         4  stm32f0xx_hal_rcc.o(.text.HAL_RCC_ClockConfig)
    __arm_cp.2_3                             0x08000a38   Number         4  stm32f0xx_hal_rcc.o(.text.HAL_RCC_ClockConfig)
    __arm_cp.2_4                             0x08000a3c   Number         4  stm32f0xx_hal_rcc.o(.text.HAL_RCC_ClockConfig)
    __arm_cp.2_5                             0x08000a40   Number         4  stm32f0xx_hal_rcc.o(.text.HAL_RCC_ClockConfig)
    __arm_cp.2_6                             0x08000a44   Number         4  stm32f0xx_hal_rcc.o(.text.HAL_RCC_ClockConfig)
    __arm_cp.2_7                             0x08000a48   Number         4  stm32f0xx_hal_rcc.o(.text.HAL_RCC_ClockConfig)
    __arm_cp.2_8                             0x08000a4c   Number         4  stm32f0xx_hal_rcc.o(.text.HAL_RCC_ClockConfig)
    [Anonymous Symbol]                       0x08000a50   Section        0  stm32f0xx_hal_rcc.o(.text.HAL_RCC_OscConfig)
    __arm_cp.1_4                             0x08000e4c   Number         4  stm32f0xx_hal_rcc.o(.text.HAL_RCC_OscConfig)
    __arm_cp.1_1                             0x08000ef0   Number         4  stm32f0xx_hal_rcc.o(.text.HAL_RCC_OscConfig)
    __arm_cp.1_2                             0x08000ef4   Number         4  stm32f0xx_hal_rcc.o(.text.HAL_RCC_OscConfig)
    [Anonymous Symbol]                       0x08000ef8   Section        0  stm32f0xx_hal_cortex.o(.text.HAL_SYSTICK_Config)
    __arm_cp.4_0                             0x08000f20   Number         4  stm32f0xx_hal_cortex.o(.text.HAL_SYSTICK_Config)
    __arm_cp.4_1                             0x08000f24   Number         4  stm32f0xx_hal_cortex.o(.text.HAL_SYSTICK_Config)
    __arm_cp.4_2                             0x08000f28   Number         4  stm32f0xx_hal_cortex.o(.text.HAL_SYSTICK_Config)
    [Anonymous Symbol]                       0x08000f2c   Section        0  stm32f0xx_it.o(.text.HardFault_Handler)
    [Anonymous Symbol]                       0x08000f2e   Section        0  stm32f0xx_it.o(.text.NMI_Handler)
    [Anonymous Symbol]                       0x08000f30   Section        0  stm32f0xx_it.o(.text.PendSV_Handler)
    [Anonymous Symbol]                       0x08000f34   Section        0  ssd1309.o(.text.SSD1306_DrawCircle)
    __arm_cp.11_0                            0x080010e0   Number         4  ssd1309.o(.text.SSD1306_DrawCircle)
    __arm_cp.11_1                            0x080010e4   Number         4  ssd1309.o(.text.SSD1306_DrawCircle)
    [Anonymous Symbol]                       0x080010e8   Section        0  ssd1309.o(.text.SSD1306_DrawLine)
    __arm_cp.12_0                            0x080013e4   Number         4  ssd1309.o(.text.SSD1306_DrawLine)
    __arm_cp.12_1                            0x080013e8   Number         4  ssd1309.o(.text.SSD1306_DrawLine)
    [Anonymous Symbol]                       0x080013ec   Section        0  ssd1309.o(.text.SSD1306_Fill)
    __arm_cp.3_0                             0x08001404   Number         4  ssd1309.o(.text.SSD1306_Fill)
    [Anonymous Symbol]                       0x08001408   Section        0  ssd1309.o(.text.SSD1306_GotoXY)
    [Anonymous Symbol]                       0x08001410   Section        0  ssd1309.o(.text.SSD1306_Putc)
    __arm_cp.14_0                            0x0800163c   Number         4  ssd1309.o(.text.SSD1306_Putc)
    __arm_cp.14_1                            0x08001640   Number         4  ssd1309.o(.text.SSD1306_Putc)
    __arm_cp.14_2                            0x08001644   Number         4  ssd1309.o(.text.SSD1306_Putc)
    __arm_cp.14_3                            0x08001648   Number         4  ssd1309.o(.text.SSD1306_Putc)
    [Anonymous Symbol]                       0x0800164c   Section        0  ssd1309.o(.text.SSD1306_Puts)
    __arm_cp.15_0                            0x08001958   Number         4  ssd1309.o(.text.SSD1306_Puts)
    __arm_cp.15_1                            0x0800195c   Number         4  ssd1309.o(.text.SSD1306_Puts)
    __arm_cp.15_2                            0x08001960   Number         4  ssd1309.o(.text.SSD1306_Puts)
    __arm_cp.15_3                            0x08001964   Number         4  ssd1309.o(.text.SSD1306_Puts)
    [Anonymous Symbol]                       0x08001968   Section        0  ssd1309.o(.text.SSD1306_UpdateScreen)
    __arm_cp.4_0                             0x08001be4   Number         4  ssd1309.o(.text.SSD1306_UpdateScreen)
    __arm_cp.4_1                             0x08001be8   Number         4  ssd1309.o(.text.SSD1306_UpdateScreen)
    __arm_cp.4_2                             0x08001bec   Number         4  ssd1309.o(.text.SSD1306_UpdateScreen)
    __arm_cp.4_3                             0x08001bf0   Number         4  ssd1309.o(.text.SSD1306_UpdateScreen)
    __arm_cp.4_4                             0x08001bf4   Number         4  ssd1309.o(.text.SSD1306_UpdateScreen)
    [Anonymous Symbol]                       0x08001bf8   Section        0  stm32f0xx_it.o(.text.SVC_Handler)
    [Anonymous Symbol]                       0x08001bfa   Section        0  stm32f0xx_it.o(.text.SysTick_Handler)
    [Anonymous Symbol]                       0x08001c02   Section        0  system_stm32f0xx.o(.text.SystemInit)
    [Anonymous Symbol]                       0x08001c04   Section        0  main.o(.text.TIM2_IRQHandler)
    __arm_cp.4_3                             0x08001d6c   Number         4  main.o(.text.TIM2_IRQHandler)
    [Anonymous Symbol]                       0x08001d70   Section        0  main.o(.text.ifHitPaddle)
    __arm_cp.1_0                             0x08001e08   Number         4  main.o(.text.ifHitPaddle)
    __arm_cp.1_1                             0x08001e0c   Number         4  main.o(.text.ifHitPaddle)
    __arm_cp.1_3                             0x08001e10   Number         4  main.o(.text.ifHitPaddle)
    [Anonymous Symbol]                       0x08001e14   Section        0  main.o(.text.initButtons)
    __arm_cp.9_0                             0x08001f2c   Number         4  main.o(.text.initButtons)
    __arm_cp.9_1                             0x08001f30   Number         4  main.o(.text.initButtons)
    __arm_cp.9_2                             0x08001f34   Number         4  main.o(.text.initButtons)
    __arm_cp.9_3                             0x08001f38   Number         4  main.o(.text.initButtons)
    __arm_cp.9_4                             0x08001f3c   Number         4  main.o(.text.initButtons)
    __arm_cp.9_5                             0x08001f40   Number         4  main.o(.text.initButtons)
    __arm_cp.9_6                             0x08001f44   Number         4  main.o(.text.initButtons)
    [Anonymous Symbol]                       0x08001f48   Section        0  main.o(.text.main)
    __arm_cp.6_0                             0x0800212c   Number         4  main.o(.text.main)
    __arm_cp.6_1                             0x08002130   Number         4  main.o(.text.main)
    __arm_cp.6_2                             0x08002134   Number         4  main.o(.text.main)
    __arm_cp.6_3                             0x08002138   Number         4  main.o(.text.main)
    __arm_cp.6_4                             0x0800213c   Number         4  main.o(.text.main)
    __arm_cp.6_5                             0x08002140   Number         4  main.o(.text.main)
    __arm_cp.6_6                             0x08002144   Number         4  main.o(.text.main)
    __arm_cp.6_7                             0x08002148   Number         4  main.o(.text.main)
    __arm_cp.6_8                             0x0800214c   Number         4  main.o(.text.main)
    __arm_cp.6_9                             0x08002150   Number         4  main.o(.text.main)
    __arm_cp.6_10                            0x08002154   Number         4  main.o(.text.main)
    [Anonymous Symbol]                       0x08002164   Section        0  ssd1309.o(.text.ssd1306_Init_Display)
    __arm_cp.1_8                             0x08002240   Number         4  ssd1309.o(.text.ssd1306_Init_Display)
    __arm_cp.1_9                             0x08002244   Number         4  ssd1309.o(.text.ssd1306_Init_Display)
    __arm_cp.1_10                            0x08002248   Number         4  ssd1309.o(.text.ssd1306_Init_Display)
    __arm_cp.1_11                            0x0800224c   Number         4  ssd1309.o(.text.ssd1306_Init_Display)
    __arm_cp.1_4                             0x08002fd0   Number         4  ssd1309.o(.text.ssd1306_Init_Display)
    __arm_cp.1_5                             0x08002fd4   Number         4  ssd1309.o(.text.ssd1306_Init_Display)
    __arm_cp.1_6                             0x08002fd8   Number         4  ssd1309.o(.text.ssd1306_Init_Display)
    __arm_cp.1_7                             0x08002fdc   Number         4  ssd1309.o(.text.ssd1306_Init_Display)
    [Anonymous Symbol]                       0x08002fe0   Section        0  main.o(.text.startSequence)
    .text_divfast                            0x08003094   Section      502  aeabi_sdivfast.o(.text_divfast)
    HAL_RCC_GetSysClockFreq.aPLLMULFactorTable 0x08003a06   Data          16  stm32f0xx_hal_rcc.o(.rodata.cst16)
    [Anonymous Symbol]                       0x08003a06   Section        0  stm32f0xx_hal_rcc.o(.rodata.cst16)
    HAL_RCC_GetSysClockFreq.aPredivFactorTable 0x08003a16   Data          16  stm32f0xx_hal_rcc.o(.rodata.cst16)
    [Anonymous Symbol]                       0x08003a26   Section        0  main.o(.rodata.str1.1)
    [Anonymous Symbol]                       0x20000000   Section        0  main.o(.data..L_MergedGlobals)
    [Anonymous Symbol]                       0x20000038   Section        0  stm32f0xx_hal.o(.data..L_MergedGlobals)
    .bss                                     0x20000050   Section       96  libspace.o(.bss)
    SSD1306.0                                0x200000b0   Data           2  ssd1309.o(.bss..L_MergedGlobals)
    [Anonymous Symbol]                       0x200000b0   Section        0  ssd1309.o(.bss..L_MergedGlobals)
    SSD1306.1                                0x200000b2   Data           2  ssd1309.o(.bss..L_MergedGlobals)
    [Anonymous Symbol]                       0x200000b4   Section        0  main.o(.bss..L_MergedGlobals.6)
    generateRandom.seed                      0x200000b8   Data           4  main.o(.bss..L_MergedGlobals.6)
    SSD1306_Buffer                           0x200000c0   Data        1024  ssd1309.o(.bss.SSD1306_Buffer)
    [Anonymous Symbol]                       0x200000c0   Section        0  ssd1309.o(.bss.SSD1306_Buffer)
    Heap_Mem                                 0x200004c8   Data         512  startup_stm32f072xb.o(HEAP)
    HEAP                                     0x200004c8   Section      512  startup_stm32f072xb.o(HEAP)
    Stack_Mem                                0x200006c8   Data        1024  startup_stm32f072xb.o(STACK)
    STACK                                    0x200006c8   Section     1024  startup_stm32f072xb.o(STACK)
    __initial_sp                             0x20000ac8   Data           0  startup_stm32f072xb.o(STACK)

    Global Symbols

    Symbol Name                              Value     Ov Type        Size  Object(Section)

    BuildAttributes$$THM_ISAv3M$S$PE$A:L22$X:L11$S22$IEEE1$IW$~IW$USESV6$~STKCKD$USESV7$~SHL$OTIME$ROPI$EBA8$UX$STANDARDLIB$REQ8$PRES8$EABIv2 0x00000000   Number         0  anon$$obj.o ABSOLUTE
    __ARM_exceptions_init                     - Undefined Weak Reference
    __alloca_initialize                       - Undefined Weak Reference
    __arm_preinit_                            - Undefined Weak Reference
    __arm_relocate_pie_                       - Undefined Weak Reference
    __cpp_initialize__aeabi_                  - Undefined Weak Reference
    __cxa_finalize                            - Undefined Weak Reference
    __rt_locale                               - Undefined Weak Reference
    __sigvec_lookup                           - Undefined Weak Reference
    _atexit_init                              - Undefined Weak Reference
    _call_atexit_fns                          - Undefined Weak Reference
    _clock_init                               - Undefined Weak Reference
    _fp_trap_init                             - Undefined Weak Reference
    _fp_trap_shutdown                         - Undefined Weak Reference
    _get_lc_collate                           - Undefined Weak Reference
    _get_lc_ctype                             - Undefined Weak Reference
    _get_lc_monetary                          - Undefined Weak Reference
    _get_lc_numeric                           - Undefined Weak Reference
    _get_lc_time                              - Undefined Weak Reference
    _getenv_init                              - Undefined Weak Reference
    _handle_redirection                       - Undefined Weak Reference
    _init_alloc                               - Undefined Weak Reference
    _init_user_alloc                          - Undefined Weak Reference
    _initio                                   - Undefined Weak Reference
    _rand_init                                - Undefined Weak Reference
    _signal_finish                            - Undefined Weak Reference
    _signal_init                              - Undefined Weak Reference
    _terminate_alloc                          - Undefined Weak Reference
    _terminate_user_alloc                     - Undefined Weak Reference
    _terminateio                              - Undefined Weak Reference
    __Vectors_Size                           0x000000c0   Number         0  startup_stm32f072xb.o ABSOLUTE
    __Vectors                                0x08000000   Data           4  startup_stm32f072xb.o(RESET)
    __Vectors_End                            0x080000c0   Data           0  startup_stm32f072xb.o(RESET)
    __main                                   0x080000c1   Thumb Code     8  __main.o(!!!main)
    __scatterload                            0x080000c9   Thumb Code     0  __scatter.o(!!!scatter)
    __scatterload_rt2                        0x080000c9   Thumb Code    74  __scatter.o(!!!scatter)
    __scatterload_rt2_thumb_only             0x080000c9   Thumb Code     0  __scatter.o(!!!scatter)
    __scatterload_loop                       0x080000d3   Thumb Code     0  __scatter.o(!!!scatter)
    __scatterload_copy                       0x0800011d   Thumb Code    26  __scatter_copy.o(!!handler_copy)
    __scatterload_null                       0x08000139   Thumb Code     2  __scatter.o(!!handler_null)
    __scatterload_zeroinit                   0x0800013d   Thumb Code    28  __scatter_zi.o(!!handler_zi)
    __rt_lib_init                            0x08000159   Thumb Code     0  libinit.o(.ARM.Collect$$libinit$$00000000)
    __rt_lib_init_alloca_1                   0x0800015b   Thumb Code     0  libinit2.o(.ARM.Collect$$libinit$$00000030)
    __rt_lib_init_argv_1                     0x0800015b   Thumb Code     0  libinit2.o(.ARM.Collect$$libinit$$0000002E)
    __rt_lib_init_atexit_1                   0x0800015b   Thumb Code     0  libinit2.o(.ARM.Collect$$libinit$$0000001D)
    __rt_lib_init_clock_1                    0x0800015b   Thumb Code     0  libinit2.o(.ARM.Collect$$libinit$$00000023)
    __rt_lib_init_cpp_1                      0x0800015b   Thumb Code     0  libinit2.o(.ARM.Collect$$libinit$$00000034)
    __rt_lib_init_exceptions_1               0x0800015b   Thumb Code     0  libinit2.o(.ARM.Collect$$libinit$$00000032)
    __rt_lib_init_fp_1                       0x0800015b   Thumb Code     0  libinit2.o(.ARM.Collect$$libinit$$00000002)
    __rt_lib_init_fp_trap_1                  0x0800015b   Thumb Code     0  libinit2.o(.ARM.Collect$$libinit$$00000021)
    __rt_lib_init_getenv_1                   0x0800015b   Thumb Code     0  libinit2.o(.ARM.Collect$$libinit$$00000025)
    __rt_lib_init_heap_1                     0x0800015b   Thumb Code     0  libinit2.o(.ARM.Collect$$libinit$$0000000C)
    __rt_lib_init_lc_collate_1               0x0800015b   Thumb Code     0  libinit2.o(.ARM.Collect$$libinit$$00000013)
    __rt_lib_init_lc_ctype_1                 0x0800015b   Thumb Code     0  libinit2.o(.ARM.Collect$$libinit$$00000015)
    __rt_lib_init_lc_monetary_1              0x0800015b   Thumb Code     0  libinit2.o(.ARM.Collect$$libinit$$00000017)
    __rt_lib_init_lc_numeric_1               0x0800015b   Thumb Code     0  libinit2.o(.ARM.Collect$$libinit$$00000019)
    __rt_lib_init_lc_time_1                  0x0800015b   Thumb Code     0  libinit2.o(.ARM.Collect$$libinit$$0000001B)
    __rt_lib_init_preinit_1                  0x0800015b   Thumb Code     0  libinit2.o(.ARM.Collect$$libinit$$00000006)
    __rt_lib_init_rand_1                     0x0800015b   Thumb Code     0  libinit2.o(.ARM.Collect$$libinit$$00000010)
    __rt_lib_init_relocate_pie_1             0x0800015b   Thumb Code     0  libinit2.o(.ARM.Collect$$libinit$$00000004)
    __rt_lib_init_return                     0x0800015b   Thumb Code     0  libinit2.o(.ARM.Collect$$libinit$$00000035)
    __rt_lib_init_signal_1                   0x0800015b   Thumb Code     0  libinit2.o(.ARM.Collect$$libinit$$0000001F)
    __rt_lib_init_stdio_1                    0x0800015b   Thumb Code     0  libinit2.o(.ARM.Collect$$libinit$$00000027)
    __rt_lib_init_user_alloc_1               0x0800015b   Thumb Code     0  libinit2.o(.ARM.Collect$$libinit$$0000000E)
    __rt_lib_shutdown                        0x0800015d   Thumb Code     0  libshutdown.o(.ARM.Collect$$libshutdown$$00000000)
    __rt_lib_shutdown_cpp_1                  0x0800015f   Thumb Code     0  libshutdown2.o(.ARM.Collect$$libshutdown$$00000002)
    __rt_lib_shutdown_fp_trap_1              0x0800015f   Thumb Code     0  libshutdown2.o(.ARM.Collect$$libshutdown$$00000007)
    __rt_lib_shutdown_heap_1                 0x0800015f   Thumb Code     0  libshutdown2.o(.ARM.Collect$$libshutdown$$0000000F)
    __rt_lib_shutdown_return                 0x0800015f   Thumb Code     0  libshutdown2.o(.ARM.Collect$$libshutdown$$00000010)
    __rt_lib_shutdown_signal_1               0x0800015f   Thumb Code     0  libshutdown2.o(.ARM.Collect$$libshutdown$$0000000A)
    __rt_lib_shutdown_stdio_1                0x0800015f   Thumb Code     0  libshutdown2.o(.ARM.Collect$$libshutdown$$00000004)
    __rt_lib_shutdown_user_alloc_1           0x0800015f   Thumb Code     0  libshutdown2.o(.ARM.Collect$$libshutdown$$0000000C)
    __rt_entry                               0x08000161   Thumb Code     0  __rtentry.o(.ARM.Collect$$rtentry$$00000000)
    __rt_entry_presh_1                       0x08000161   Thumb Code     0  __rtentry2.o(.ARM.Collect$$rtentry$$00000002)
    __rt_entry_sh                            0x08000161   Thumb Code     0  __rtentry4.o(.ARM.Collect$$rtentry$$00000004)
    __rt_entry_li                            0x08000167   Thumb Code     0  __rtentry2.o(.ARM.Collect$$rtentry$$0000000A)
    __rt_entry_postsh_1                      0x08000167   Thumb Code     0  __rtentry2.o(.ARM.Collect$$rtentry$$00000009)
    __rt_entry_main                          0x0800016b   Thumb Code     0  __rtentry2.o(.ARM.Collect$$rtentry$$0000000D)
    __rt_entry_postli_1                      0x0800016b   Thumb Code     0  __rtentry2.o(.ARM.Collect$$rtentry$$0000000C)
    __rt_exit                                0x08000173   Thumb Code     0  rtexit.o(.ARM.Collect$$rtexit$$00000000)
    __rt_exit_ls                             0x08000175   Thumb Code     0  rtexit2.o(.ARM.Collect$$rtexit$$00000003)
    __rt_exit_prels_1                        0x08000175   Thumb Code     0  rtexit2.o(.ARM.Collect$$rtexit$$00000002)
    __rt_exit_exit                           0x08000179   Thumb Code     0  rtexit2.o(.ARM.Collect$$rtexit$$00000004)
    Reset_Handler                            0x08000181   Thumb Code     8  startup_stm32f072xb.o(.text)
    ADC1_COMP_IRQHandler                     0x08000193   Thumb Code     0  startup_stm32f072xb.o(.text)
    CEC_CAN_IRQHandler                       0x08000193   Thumb Code     0  startup_stm32f072xb.o(.text)
    DMA1_Channel1_IRQHandler                 0x08000193   Thumb Code     0  startup_stm32f072xb.o(.text)
    DMA1_Channel2_3_IRQHandler               0x08000193   Thumb Code     0  startup_stm32f072xb.o(.text)
    DMA1_Channel4_5_6_7_IRQHandler           0x08000193   Thumb Code     0  startup_stm32f072xb.o(.text)
    EXTI2_3_IRQHandler                       0x08000193   Thumb Code     0  startup_stm32f072xb.o(.text)
    FLASH_IRQHandler                         0x08000193   Thumb Code     0  startup_stm32f072xb.o(.text)
    I2C1_IRQHandler                          0x08000193   Thumb Code     0  startup_stm32f072xb.o(.text)
    I2C2_IRQHandler                          0x08000193   Thumb Code     0  startup_stm32f072xb.o(.text)
    PVD_VDDIO2_IRQHandler                    0x08000193   Thumb Code     0  startup_stm32f072xb.o(.text)
    RCC_CRS_IRQHandler                       0x08000193   Thumb Code     0  startup_stm32f072xb.o(.text)
    RTC_IRQHandler                           0x08000193   Thumb Code     0  startup_stm32f072xb.o(.text)
    SPI1_IRQHandler                          0x08000193   Thumb Code     0  startup_stm32f072xb.o(.text)
    SPI2_IRQHandler                          0x08000193   Thumb Code     0  startup_stm32f072xb.o(.text)
    TIM14_IRQHandler                         0x08000193   Thumb Code     0  startup_stm32f072xb.o(.text)
    TIM15_IRQHandler                         0x08000193   Thumb Code     0  startup_stm32f072xb.o(.text)
    TIM16_IRQHandler                         0x08000193   Thumb Code     0  startup_stm32f072xb.o(.text)
    TIM17_IRQHandler                         0x08000193   Thumb Code     0  startup_stm32f072xb.o(.text)
    TIM1_BRK_UP_TRG_COM_IRQHandler           0x08000193   Thumb Code     0  startup_stm32f072xb.o(.text)
    TIM1_CC_IRQHandler                       0x08000193   Thumb Code     0  startup_stm32f072xb.o(.text)
    TIM3_IRQHandler                          0x08000193   Thumb Code     0  startup_stm32f072xb.o(.text)
    TIM6_DAC_IRQHandler                      0x08000193   Thumb Code     0  startup_stm32f072xb.o(.text)
    TIM7_IRQHandler                          0x08000193   Thumb Code     0  startup_stm32f072xb.o(.text)
    TSC_IRQHandler                           0x08000193   Thumb Code     0  startup_stm32f072xb.o(.text)
    USART1_IRQHandler                        0x08000193   Thumb Code     0  startup_stm32f072xb.o(.text)
    USART2_IRQHandler                        0x08000193   Thumb Code     0  startup_stm32f072xb.o(.text)
    USART3_4_IRQHandler                      0x08000193   Thumb Code     0  startup_stm32f072xb.o(.text)
    USB_IRQHandler                           0x08000193   Thumb Code     0  startup_stm32f072xb.o(.text)
    WWDG_IRQHandler                          0x08000193   Thumb Code     0  startup_stm32f072xb.o(.text)
    __user_initial_stackheap                 0x08000195   Thumb Code     0  startup_stm32f072xb.o(.text)
    __aeabi_ldivmod                          0x080001b9   Thumb Code   166  llsdiv.o(.text)
    _ll_sdiv                                 0x080001b9   Thumb Code     0  llsdiv.o(.text)
    __aeabi_memset4                          0x0800025f   Thumb Code    18  aeabi_memset4.o(.text)
    __aeabi_memset8                          0x0800025f   Thumb Code     0  aeabi_memset4.o(.text)
    _memset_w                                0x08000271   Thumb Code    26  rt_memclr.o(.text)
    _memset                                  0x0800028b   Thumb Code    30  rt_memclr.o(.text)
    __aeabi_memclr                           0x080002a9   Thumb Code     4  rt_memclr.o(.text)
    __rt_memclr                              0x080002a9   Thumb Code     0  rt_memclr.o(.text)
    __aeabi_memclr4                          0x080002ad   Thumb Code     0  rt_memclr.o(.text)
    __aeabi_memclr8                          0x080002ad   Thumb Code     0  rt_memclr.o(.text)
    __rt_memclr_w                            0x080002ad   Thumb Code     4  rt_memclr.o(.text)
    __aeabi_uidivmod                         0x080002b1   Thumb Code    28  aeabi_sdivfast.o(.text)
    __aeabi_idivmod                          0x080002cd   Thumb Code   472  aeabi_sdivfast.o(.text)
    __use_two_region_memory                  0x080004a9   Thumb Code     2  heapauxi.o(.text)
    __rt_heap_escrow$2region                 0x080004ab   Thumb Code     2  heapauxi.o(.text)
    __rt_heap_expand$2region                 0x080004ad   Thumb Code     2  heapauxi.o(.text)
    __aeabi_uldivmod                         0x080004af   Thumb Code   272  lludiv.o(.text)
    _ll_udiv                                 0x080004af   Thumb Code     0  lludiv.o(.text)
    __user_setup_stackheap                   0x080005bf   Thumb Code    62  sys_stackheap_outer.o(.text)
    exit                                     0x080005fd   Thumb Code    16  exit.o(.text)
    __user_libspace                          0x0800060d   Thumb Code     8  libspace.o(.text)
    __user_perproc_libspace                  0x0800060d   Thumb Code     0  libspace.o(.text)
    __user_perthread_libspace                0x0800060d   Thumb Code     0  libspace.o(.text)
    _sys_exit                                0x08000615   Thumb Code     8  sys_exit.o(.text)
    __I$use$semihosting                      0x08000621   Thumb Code     0  use_no_semi.o(.text)
    __use_no_semihosting_swi                 0x08000621   Thumb Code     2  use_no_semi.o(.text)
    __semihosting_library_function           0x08000623   Thumb Code     0  indicate_semi.o(.text)
    EXTI0_1_IRQHandler                       0x08000625   Thumb Code   136  main.o(.text.EXTI0_1_IRQHandler)
    EXTI4_15_IRQHandler                      0x080006ad   Thumb Code   288  main.o(.text.EXTI4_15_IRQHandler)
    HAL_Delay                                0x080007d9   Thumb Code    32  stm32f0xx_hal.o(.text.HAL_Delay)
    HAL_GetTick                              0x080007f9   Thumb Code     8  stm32f0xx_hal.o(.text.HAL_GetTick)
    HAL_IncTick                              0x08000801   Thumb Code    16  stm32f0xx_hal.o(.text.HAL_IncTick)
    HAL_Init                                 0x08000815   Thumb Code    28  stm32f0xx_hal.o(.text.HAL_Init)
    HAL_InitTick                             0x08000831   Thumb Code    60  stm32f0xx_hal.o(.text.HAL_InitTick)
    HAL_MspInit                              0x08000871   Thumb Code    40  stm32f0xx_hal_msp.o(.text.HAL_MspInit)
    HAL_NVIC_SetPriority                     0x0800089d   Thumb Code    48  stm32f0xx_hal_cortex.o(.text.HAL_NVIC_SetPriority)
    HAL_RCC_ClockConfig                      0x080008d5   Thumb Code   344  stm32f0xx_hal_rcc.o(.text.HAL_RCC_ClockConfig)
    HAL_RCC_OscConfig                        0x08000a51   Thumb Code  1184  stm32f0xx_hal_rcc.o(.text.HAL_RCC_OscConfig)
    HAL_SYSTICK_Config                       0x08000ef9   Thumb Code    40  stm32f0xx_hal_cortex.o(.text.HAL_SYSTICK_Config)
    HardFault_Handler                        0x08000f2d   Thumb Code     2  stm32f0xx_it.o(.text.HardFault_Handler)
    NMI_Handler                              0x08000f2f   Thumb Code     2  stm32f0xx_it.o(.text.NMI_Handler)
    PendSV_Handler                           0x08000f31   Thumb Code     2  stm32f0xx_it.o(.text.PendSV_Handler)
    SSD1306_DrawCircle                       0x08000f35   Thumb Code   428  ssd1309.o(.text.SSD1306_DrawCircle)
    SSD1306_DrawLine                         0x080010e9   Thumb Code   764  ssd1309.o(.text.SSD1306_DrawLine)
    SSD1306_Fill                             0x080013ed   Thumb Code    24  ssd1309.o(.text.SSD1306_Fill)
    SSD1306_GotoXY                           0x08001409   Thumb Code     8  ssd1309.o(.text.SSD1306_GotoXY)
    SSD1306_Putc                             0x08001411   Thumb Code   556  ssd1309.o(.text.SSD1306_Putc)
    SSD1306_Puts                             0x0800164d   Thumb Code   780  ssd1309.o(.text.SSD1306_Puts)
    SSD1306_UpdateScreen                     0x08001969   Thumb Code   636  ssd1309.o(.text.SSD1306_UpdateScreen)
    SVC_Handler                              0x08001bf9   Thumb Code     2  stm32f0xx_it.o(.text.SVC_Handler)
    SysTick_Handler                          0x08001bfb   Thumb Code     8  stm32f0xx_it.o(.text.SysTick_Handler)
    SystemInit                               0x08001c03   Thumb Code     2  system_stm32f0xx.o(.text.SystemInit)
    TIM2_IRQHandler                          0x08001c05   Thumb Code   360  main.o(.text.TIM2_IRQHandler)
    ifHitPaddle                              0x08001d71   Thumb Code   152  main.o(.text.ifHitPaddle)
    initButtons                              0x08001e15   Thumb Code   280  main.o(.text.initButtons)
    main                                     0x08001f49   Thumb Code   484  main.o(.text.main)
    ssd1306_Init_Display                     0x08002165   Thumb Code  3692  ssd1309.o(.text.ssd1306_Init_Display)
    startSequence                            0x08002fe1   Thumb Code   160  main.o(.text.startSequence)
    __aeabi_uidiv                            0x08003095   Thumb Code    68  aeabi_sdivfast.o(.text_divfast)
    __aeabi_idiv                             0x080030d9   Thumb Code   434  aeabi_sdivfast.o(.text_divfast)
    AHBPrescTable                            0x0800328a   Data          16  system_stm32f0xx.o(.rodata.AHBPrescTable)
    Font7x10                                 0x0800329a   Data        1900  fonts.o(.rodata.Font7x10)
    Region$$Table$$Base                      0x08003a30   Number         0  anon$$obj.o(Region$$Table)
    Region$$Table$$Limit                     0x08003a50   Number         0  anon$$obj.o(Region$$Table)
    A                                        0x20000000   Data           4  main.o(.data..L_MergedGlobals)
    C                                        0x20000004   Data           4  main.o(.data..L_MergedGlobals)
    x                                        0x20000008   Data           4  main.o(.data..L_MergedGlobals)
    y                                        0x2000000c   Data           4  main.o(.data..L_MergedGlobals)
    x1                                       0x20000010   Data           4  main.o(.data..L_MergedGlobals)
    y1                                       0x20000014   Data           4  main.o(.data..L_MergedGlobals)
    Px                                       0x20000018   Data           4  main.o(.data..L_MergedGlobals)
    Py                                       0x2000001c   Data           4  main.o(.data..L_MergedGlobals)
    Pheight                                  0x20000020   Data           4  main.o(.data..L_MergedGlobals)
    maxSpeed                                 0x20000024   Data           4  main.o(.data..L_MergedGlobals)
    point                                    0x20000028   Data           4  main.o(.data..L_MergedGlobals)
    gameStatus                               0x2000002c   Data           4  main.o(.data..L_MergedGlobals)
    M                                        0x20000030   Data           8  main.o(.data..L_MergedGlobals)
    uwTickFreq                               0x20000038   Data           1  stm32f0xx_hal.o(.data..L_MergedGlobals)
    uwTickPrio                               0x2000003c   Data           4  stm32f0xx_hal.o(.data..L_MergedGlobals)
    Font_7x10                                0x20000040   Data           8  fonts.o(.data.Font_7x10)
    SystemCoreClock                          0x20000048   Data           4  system_stm32f0xx.o(.data.SystemCoreClock)
    __libspace_start                         0x20000050   Data          96  libspace.o(.bss)
    __temporary_stack_top$libspace           0x200000b0   Data           0  libspace.o(.bss)
    isUpdate                                 0x200000b4   Data           1  main.o(.bss..L_MergedGlobals.6)
    gameComplete                             0x200000bc   Data           4  main.o(.bss..L_MergedGlobals.6)
    rwCnt                                    0x200004c0   Data           1  ssd1309.o(.bss.rwCnt)
    uwTick                                   0x200004c4   Data           4  stm32f0xx_hal.o(.bss.uwTick)



==============================================================================

Memory Map of the image

  Image Entry point : 0x080000c1

  Load Region LR_IROM1 (Base: 0x08000000, Size: 0x00003aa0, Max: 0x00020000, ABSOLUTE)

    Execution Region ER_IROM1 (Exec base: 0x08000000, Load base: 0x08000000, Size: 0x00003a50, Max: 0x00020000, ABSOLUTE)

    Exec Addr    Load Addr    Size         Type   Attr      Idx    E Section Name        Object

    0x08000000   0x08000000   0x000000c0   Data   RO            3    RESET               startup_stm32f072xb.o
    0x080000c0   0x080000c0   0x00000008   Code   RO          717  * !!!main             c_p.l(__main.o)
    0x080000c8   0x080000c8   0x00000054   Code   RO          900    !!!scatter          c_p.l(__scatter.o)
    0x0800011c   0x0800011c   0x0000001a   Code   RO          904    !!handler_copy      c_p.l(__scatter_copy.o)
    0x08000136   0x08000136   0x00000002   PAD
    0x08000138   0x08000138   0x00000002   Code   RO          901    !!handler_null      c_p.l(__scatter.o)
    0x0800013a   0x0800013a   0x00000002   PAD
    0x0800013c   0x0800013c   0x0000001c   Code   RO          906    !!handler_zi        c_p.l(__scatter_zi.o)
    0x08000158   0x08000158   0x00000002   Code   RO          761    .ARM.Collect$$libinit$$00000000  c_p.l(libinit.o)
    0x0800015a   0x0800015a   0x00000000   Code   RO          775    .ARM.Collect$$libinit$$00000002  c_p.l(libinit2.o)
    0x0800015a   0x0800015a   0x00000000   Code   RO          777    .ARM.Collect$$libinit$$00000004  c_p.l(libinit2.o)
    0x0800015a   0x0800015a   0x00000000   Code   RO          779    .ARM.Collect$$libinit$$00000006  c_p.l(libinit2.o)
    0x0800015a   0x0800015a   0x00000000   Code   RO          782    .ARM.Collect$$libinit$$0000000C  c_p.l(libinit2.o)
    0x0800015a   0x0800015a   0x00000000   Code   RO          784    .ARM.Collect$$libinit$$0000000E  c_p.l(libinit2.o)
    0x0800015a   0x0800015a   0x00000000   Code   RO          786    .ARM.Collect$$libinit$$00000010  c_p.l(libinit2.o)
    0x0800015a   0x0800015a   0x00000000   Code   RO          789    .ARM.Collect$$libinit$$00000013  c_p.l(libinit2.o)
    0x0800015a   0x0800015a   0x00000000   Code   RO          791    .ARM.Collect$$libinit$$00000015  c_p.l(libinit2.o)
    0x0800015a   0x0800015a   0x00000000   Code   RO          793    .ARM.Collect$$libinit$$00000017  c_p.l(libinit2.o)
    0x0800015a   0x0800015a   0x00000000   Code   RO          795    .ARM.Collect$$libinit$$00000019  c_p.l(libinit2.o)
    0x0800015a   0x0800015a   0x00000000   Code   RO          797    .ARM.Collect$$libinit$$0000001B  c_p.l(libinit2.o)
    0x0800015a   0x0800015a   0x00000000   Code   RO          799    .ARM.Collect$$libinit$$0000001D  c_p.l(libinit2.o)
    0x0800015a   0x0800015a   0x00000000   Code   RO          801    .ARM.Collect$$libinit$$0000001F  c_p.l(libinit2.o)
    0x0800015a   0x0800015a   0x00000000   Code   RO          803    .ARM.Collect$$libinit$$00000021  c_p.l(libinit2.o)
    0x0800015a   0x0800015a   0x00000000   Code   RO          805    .ARM.Collect$$libinit$$00000023  c_p.l(libinit2.o)
    0x0800015a   0x0800015a   0x00000000   Code   RO          807    .ARM.Collect$$libinit$$00000025  c_p.l(libinit2.o)
    0x0800015a   0x0800015a   0x00000000   Code   RO          809    .ARM.Collect$$libinit$$00000027  c_p.l(libinit2.o)
    0x0800015a   0x0800015a   0x00000000   Code   RO          813    .ARM.Collect$$libinit$$0000002E  c_p.l(libinit2.o)
    0x0800015a   0x0800015a   0x00000000   Code   RO          815    .ARM.Collect$$libinit$$00000030  c_p.l(libinit2.o)
    0x0800015a   0x0800015a   0x00000000   Code   RO          817    .ARM.Collect$$libinit$$00000032  c_p.l(libinit2.o)
    0x0800015a   0x0800015a   0x00000000   Code   RO          819    .ARM.Collect$$libinit$$00000034  c_p.l(libinit2.o)
    0x0800015a   0x0800015a   0x00000002   Code   RO          820    .ARM.Collect$$libinit$$00000035  c_p.l(libinit2.o)
    0x0800015c   0x0800015c   0x00000002   Code   RO          855    .ARM.Collect$$libshutdown$$00000000  c_p.l(libshutdown.o)
    0x0800015e   0x0800015e   0x00000000   Code   RO          883    .ARM.Collect$$libshutdown$$00000002  c_p.l(libshutdown2.o)
    0x0800015e   0x0800015e   0x00000000   Code   RO          885    .ARM.Collect$$libshutdown$$00000004  c_p.l(libshutdown2.o)
    0x0800015e   0x0800015e   0x00000000   Code   RO          888    .ARM.Collect$$libshutdown$$00000007  c_p.l(libshutdown2.o)
    0x0800015e   0x0800015e   0x00000000   Code   RO          891    .ARM.Collect$$libshutdown$$0000000A  c_p.l(libshutdown2.o)
    0x0800015e   0x0800015e   0x00000000   Code   RO          893    .ARM.Collect$$libshutdown$$0000000C  c_p.l(libshutdown2.o)
    0x0800015e   0x0800015e   0x00000000   Code   RO          896    .ARM.Collect$$libshutdown$$0000000F  c_p.l(libshutdown2.o)
    0x0800015e   0x0800015e   0x00000002   Code   RO          897    .ARM.Collect$$libshutdown$$00000010  c_p.l(libshutdown2.o)
    0x08000160   0x08000160   0x00000000   Code   RO          719    .ARM.Collect$$rtentry$$00000000  c_p.l(__rtentry.o)
    0x08000160   0x08000160   0x00000000   Code   RO          731    .ARM.Collect$$rtentry$$00000002  c_p.l(__rtentry2.o)
    0x08000160   0x08000160   0x00000006   Code   RO          743    .ARM.Collect$$rtentry$$00000004  c_p.l(__rtentry4.o)
    0x08000166   0x08000166   0x00000000   Code   RO          733    .ARM.Collect$$rtentry$$00000009  c_p.l(__rtentry2.o)
    0x08000166   0x08000166   0x00000004   Code   RO          734    .ARM.Collect$$rtentry$$0000000A  c_p.l(__rtentry2.o)
    0x0800016a   0x0800016a   0x00000000   Code   RO          736    .ARM.Collect$$rtentry$$0000000C  c_p.l(__rtentry2.o)
    0x0800016a   0x0800016a   0x00000008   Code   RO          737    .ARM.Collect$$rtentry$$0000000D  c_p.l(__rtentry2.o)
    0x08000172   0x08000172   0x00000002   Code   RO          766    .ARM.Collect$$rtexit$$00000000  c_p.l(rtexit.o)
    0x08000174   0x08000174   0x00000000   Code   RO          826    .ARM.Collect$$rtexit$$00000002  c_p.l(rtexit2.o)
    0x08000174   0x08000174   0x00000004   Code   RO          827    .ARM.Collect$$rtexit$$00000003  c_p.l(rtexit2.o)
    0x08000178   0x08000178   0x00000006   Code   RO          828    .ARM.Collect$$rtexit$$00000004  c_p.l(rtexit2.o)
    0x0800017e   0x0800017e   0x00000002   PAD
    0x08000180   0x08000180   0x00000038   Code   RO            4    .text               startup_stm32f072xb.o
    0x080001b8   0x080001b8   0x000000a6   Code   RO          699    .text               c_p.l(llsdiv.o)
    0x0800025e   0x0800025e   0x00000012   Code   RO          703    .text               c_p.l(aeabi_memset4.o)
    0x08000270   0x08000270   0x00000040   Code   RO          705    .text               c_p.l(rt_memclr.o)
    0x080002b0   0x080002b0   0x000001f8   Code   RO          707    .text               c_p.l(aeabi_sdivfast.o)
    0x080004a8   0x080004a8   0x00000006   Code   RO          715    .text               c_p.l(heapauxi.o)
    0x080004ae   0x080004ae   0x00000110   Code   RO          728    .text               c_p.l(lludiv.o)
    0x080005be   0x080005be   0x0000003e   Code   RO          747    .text               c_p.l(sys_stackheap_outer.o)
    0x080005fc   0x080005fc   0x00000010   Code   RO          750    .text               c_p.l(exit.o)
    0x0800060c   0x0800060c   0x00000008   Code   RO          762    .text               c_p.l(libspace.o)
    0x08000614   0x08000614   0x0000000c   Code   RO          821    .text               c_p.l(sys_exit.o)
    0x08000620   0x08000620   0x00000002   Code   RO          844    .text               c_p.l(use_no_semi.o)
    0x08000622   0x08000622   0x00000000   Code   RO          846    .text               c_p.l(indicate_semi.o)
    0x08000622   0x08000622   0x00000002   PAD
    0x08000624   0x08000624   0x00000088   Code   RO           17    .text.EXTI0_1_IRQHandler  main.o
    0x080006ac   0x080006ac   0x0000012c   Code   RO           15    .text.EXTI4_15_IRQHandler  main.o
    0x080007d8   0x080007d8   0x00000020   Code   RO          244    .text.HAL_Delay     stm32f0xx_hal.o
    0x080007f8   0x080007f8   0x00000008   Code   RO          236    .text.HAL_GetTick   stm32f0xx_hal.o
    0x08000800   0x08000800   0x00000014   Code   RO          234    .text.HAL_IncTick   stm32f0xx_hal.o
    0x08000814   0x08000814   0x0000001c   Code   RO          224    .text.HAL_Init      stm32f0xx_hal.o
    0x08000830   0x08000830   0x00000040   Code   RO          226    .text.HAL_InitTick  stm32f0xx_hal.o
    0x08000870   0x08000870   0x0000002c   Code   RO           89    .text.HAL_MspInit   stm32f0xx_hal_msp.o
    0x0800089c   0x0800089c   0x00000038   Code   RO          510    .text.HAL_NVIC_SetPriority  stm32f0xx_hal_cortex.o
    0x080008d4   0x080008d4   0x0000017c   Code   RO          161    .text.HAL_RCC_ClockConfig  stm32f0xx_hal_rcc.o
    0x08000a50   0x08000a50   0x000004a8   Code   RO          159    .text.HAL_RCC_OscConfig  stm32f0xx_hal_rcc.o
    0x08000ef8   0x08000ef8   0x00000034   Code   RO          518    .text.HAL_SYSTICK_Config  stm32f0xx_hal_cortex.o
    0x08000f2c   0x08000f2c   0x00000002   Code   RO           74    .text.HardFault_Handler  stm32f0xx_it.o
    0x08000f2e   0x08000f2e   0x00000002   Code   RO           72    .text.NMI_Handler   stm32f0xx_it.o
    0x08000f30   0x08000f30   0x00000002   Code   RO           78    .text.PendSV_Handler  stm32f0xx_it.o
    0x08000f32   0x08000f32   0x00000002   PAD
    0x08000f34   0x08000f34   0x000001b4   Code   RO          119    .text.SSD1306_DrawCircle  ssd1309.o
    0x080010e8   0x080010e8   0x00000304   Code   RO          121    .text.SSD1306_DrawLine  ssd1309.o
    0x080013ec   0x080013ec   0x0000001c   Code   RO          103    .text.SSD1306_Fill  ssd1309.o
    0x08001408   0x08001408   0x00000008   Code   RO          123    .text.SSD1306_GotoXY  ssd1309.o
    0x08001410   0x08001410   0x0000023c   Code   RO          125    .text.SSD1306_Putc  ssd1309.o
    0x0800164c   0x0800164c   0x0000031c   Code   RO          127    .text.SSD1306_Puts  ssd1309.o
    0x08001968   0x08001968   0x00000290   Code   RO          105    .text.SSD1306_UpdateScreen  ssd1309.o
    0x08001bf8   0x08001bf8   0x00000002   Code   RO           76    .text.SVC_Handler   stm32f0xx_it.o
    0x08001bfa   0x08001bfa   0x00000008   Code   RO           80    .text.SysTick_Handler  stm32f0xx_it.o
    0x08001c02   0x08001c02   0x00000002   Code   RO          681    .text.SystemInit    system_stm32f0xx.o
    0x08001c04   0x08001c04   0x0000016c   Code   RO           19    .text.TIM2_IRQHandler  main.o
    0x08001d70   0x08001d70   0x000000a4   Code   RO           13    .text.ifHitPaddle   main.o
    0x08001e14   0x08001e14   0x00000134   Code   RO           29    .text.initButtons   main.o
    0x08001f48   0x08001f48   0x0000021c   Code   RO           23    .text.main          main.o
    0x08002164   0x08002164   0x00000e7c   Code   RO           99    .text.ssd1306_Init_Display  ssd1309.o
    0x08002fe0   0x08002fe0   0x000000b4   Code   RO           31    .text.startSequence  main.o
    0x08003094   0x08003094   0x000001f6   Code   RO          708    .text_divfast       c_p.l(aeabi_sdivfast.o)
    0x0800328a   0x0800328a   0x00000010   Data   RO          686    .rodata.AHBPrescTable  system_stm32f0xx.o
    0x0800329a   0x0800329a   0x0000076c   Data   RO          142    .rodata.Font7x10    fonts.o
    0x08003a06   0x08003a06   0x00000020   Data   RO          183    .rodata.cst16       stm32f0xx_hal_rcc.o
    0x08003a26   0x08003a26   0x00000008   Data   RO           60    .rodata.str1.1      main.o
    0x08003a2e   0x08003a2e   0x00000002   PAD
    0x08003a30   0x08003a30   0x00000020   Data   RO          899    Region$$Table       anon$$obj.o


    Execution Region RW_IRAM1 (Exec base: 0x20000000, Load base: 0x08003a50, Size: 0x00000ac8, Max: 0x00004000, ABSOLUTE)

    Exec Addr    Load Addr    Size         Type   Attr      Idx    E Section Name        Object

    0x20000000   0x08003a50   0x00000038   Data   RW           62    .data..L_MergedGlobals  main.o
    0x20000038   0x08003a88   0x00000008   Data   RW          271    .data..L_MergedGlobals  stm32f0xx_hal.o
    0x20000040   0x08003a90   0x00000008   Data   RW          145    .data.Font_7x10     fonts.o
    0x20000048   0x08003a98   0x00000004   Data   RW          685    .data.SystemCoreClock  system_stm32f0xx.o
    0x2000004c   0x08003a9c   0x00000004   PAD
    0x20000050        -       0x00000060   Zero   RW          763    .bss                c_p.l(libspace.o)
    0x200000b0        -       0x00000004   Zero   RW          131    .bss..L_MergedGlobals  ssd1309.o
    0x200000b4        -       0x0000000c   Zero   RW           63    .bss..L_MergedGlobals.6  main.o
    0x200000c0        -       0x00000400   Zero   RW          130    .bss.SSD1306_Buffer  ssd1309.o
    0x200004c0        -       0x00000001   Zero   RW          129    .bss.rwCnt          ssd1309.o
    0x200004c1   0x08003a9c   0x00000003   PAD
    0x200004c4        -       0x00000004   Zero   RW          270    .bss.uwTick         stm32f0xx_hal.o
    0x200004c8        -       0x00000200   Zero   RW            2    HEAP                startup_stm32f072xb.o
    0x200006c8        -       0x00000400   Zero   RW            1    STACK               startup_stm32f072xb.o


==============================================================================

Image component sizes


      Code (inc. data)   RO Data    RW Data    ZI Data      Debug   Object Name

         0          0       1900          8          0       1239   fonts.o
      1992        132          8         56         12      10634   main.o
      6976        264          0          0       1029      22802   ssd1309.o
        56         26        192          0       1536        600   startup_stm32f072xb.o
       152          8          0          8          4       5361   stm32f0xx_hal.o
       108         20          0          0          0       5517   stm32f0xx_hal_cortex.o
        44          4          0          0          0        997   stm32f0xx_hal_msp.o
      1572         48         32          0          0       8316   stm32f0xx_hal_rcc.o
        16          0          0          0          0        683   stm32f0xx_it.o
         2          0         16          4          0       1683   system_stm32f0xx.o

    ----------------------------------------------------------------------
     10920        502       2182         76       2588      57832   Object Totals
         0          0         32          0          0          0   (incl. Generated)
         2          0          2          0          7          0   (incl. Padding)

    ----------------------------------------------------------------------

      Code (inc. data)   RO Data    RW Data    ZI Data      Debug   Library Member Name

         8          0          0          0          0         68   __main.o
         0          0          0          0          0          0   __rtentry.o
        12          0          0          0          0          0   __rtentry2.o
         6          0          0          0          0          0   __rtentry4.o
        86         10          0          0          0          0   __scatter.o
        26          0          0          0          0          0   __scatter_copy.o
        28          0          0          0          0          0   __scatter_zi.o
        18          0          0          0          0         68   aeabi_memset4.o
      1006          4          0          0          0        184   aeabi_sdivfast.o
        16          0          0          0          0         68   exit.o
         6          0          0          0          0        136   heapauxi.o
         0          0          0          0          0          0   indicate_semi.o
         2          0          0          0          0          0   libinit.o
         2          0          0          0          0          0   libinit2.o
         2          0          0          0          0          0   libshutdown.o
         2          0          0          0          0          0   libshutdown2.o
         8          4          0          0         96         68   libspace.o
       166          0          0          0          0         72   llsdiv.o
       272          0          0          0          0         88   lludiv.o
        64          0          0          0          0        108   rt_memclr.o
         2          0          0          0          0          0   rtexit.o
        10          0          0          0          0          0   rtexit2.o
        12          4          0          0          0         60   sys_exit.o
        62          0          0          0          0         80   sys_stackheap_outer.o
         2          0          0          0          0         68   use_no_semi.o

    ----------------------------------------------------------------------
      1826         22          0          0         96       1068   Library Totals
         8          0          0          0          0          0   (incl. Padding)

    ----------------------------------------------------------------------

      Code (inc. data)   RO Data    RW Data    ZI Data      Debug   Library Name

      1818         22          0          0         96       1068   c_p.l

    ----------------------------------------------------------------------
      1826         22          0          0         96       1068   Library Totals

    ----------------------------------------------------------------------

==============================================================================


      Code (inc. data)   RO Data    RW Data    ZI Data      Debug   

     12746        524       2182         76       2684      58456   Grand Totals
     12746        524       2182         76       2684      58456   ELF Image Totals
     12746        524       2182         76          0          0   ROM Totals

==============================================================================

    Total RO  Size (Code + RO Data)                14928 (  14.58kB)
    Total RW  Size (RW Data + ZI Data)              2760 (   2.70kB)
    Total ROM Size (Code + RO Data + RW Data)      15004 (  14.65kB)

==============================================================================

